Archive member included to satisfy reference by file (symbol)

/opt/stm32cubeide/plugins/com.st.stm32cube.ide.mcu.externaltools.gnu-tools-for-stm32.12.3.rel1.linux64_1.0.200.202406132123/tools/bin/../lib/gcc/arm-none-eabi/12.3.1/../../../../arm-none-eabi/lib/thumb/v7e-m+fp/hard/libc_nano.a(libc_a-exit.o)
                              /opt/stm32cubeide/plugins/com.st.stm32cube.ide.mcu.externaltools.gnu-tools-for-stm32.12.3.rel1.linux64_1.0.200.202406132123/tools/bin/../lib/gcc/arm-none-eabi/12.3.1/../../../../arm-none-eabi/lib/thumb/v7e-m+fp/hard/crt0.o (exit)
/opt/stm32cubeide/plugins/com.st.stm32cube.ide.mcu.externaltools.gnu-tools-for-stm32.12.3.rel1.linux64_1.0.200.202406132123/tools/bin/../lib/gcc/arm-none-eabi/12.3.1/../../../../arm-none-eabi/lib/thumb/v7e-m+fp/hard/libc_nano.a(libc_a-findfp.o)
                              /opt/stm32cubeide/plugins/com.st.stm32cube.ide.mcu.externaltools.gnu-tools-for-stm32.12.3.rel1.linux64_1.0.200.202406132123/tools/bin/../lib/gcc/arm-none-eabi/12.3.1/../../../../arm-none-eabi/lib/thumb/v7e-m+fp/hard/libc_nano.a(libc_a-exit.o) (__stdio_exit_handler)
/opt/stm32cubeide/plugins/com.st.stm32cube.ide.mcu.externaltools.gnu-tools-for-stm32.12.3.rel1.linux64_1.0.200.202406132123/tools/bin/../lib/gcc/arm-none-eabi/12.3.1/../../../../arm-none-eabi/lib/thumb/v7e-m+fp/hard/libc_nano.a(libc_a-fwalk.o)
                              /opt/stm32cubeide/plugins/com.st.stm32cube.ide.mcu.externaltools.gnu-tools-for-stm32.12.3.rel1.linux64_1.0.200.202406132123/tools/bin/../lib/gcc/arm-none-eabi/12.3.1/../../../../arm-none-eabi/lib/thumb/v7e-m+fp/hard/libc_nano.a(libc_a-findfp.o) (_fwalk_sglue)
/opt/stm32cubeide/plugins/com.st.stm32cube.ide.mcu.externaltools.gnu-tools-for-stm32.12.3.rel1.linux64_1.0.200.202406132123/tools/bin/../lib/gcc/arm-none-eabi/12.3.1/../../../../arm-none-eabi/lib/thumb/v7e-m+fp/hard/libc_nano.a(libc_a-stdio.o)
                              /opt/stm32cubeide/plugins/com.st.stm32cube.ide.mcu.externaltools.gnu-tools-for-stm32.12.3.rel1.linux64_1.0.200.202406132123/tools/bin/../lib/gcc/arm-none-eabi/12.3.1/../../../../arm-none-eabi/lib/thumb/v7e-m+fp/hard/libc_nano.a(libc_a-findfp.o) (__sread)
/opt/stm32cubeide/plugins/com.st.stm32cube.ide.mcu.externaltools.gnu-tools-for-stm32.12.3.rel1.linux64_1.0.200.202406132123/tools/bin/../lib/gcc/arm-none-eabi/12.3.1/../../../../arm-none-eabi/lib/thumb/v7e-m+fp/hard/libc_nano.a(libc_a-memset.o)
                              /opt/stm32cubeide/plugins/com.st.stm32cube.ide.mcu.externaltools.gnu-tools-for-stm32.12.3.rel1.linux64_1.0.200.202406132123/tools/bin/../lib/gcc/arm-none-eabi/12.3.1/../../../../arm-none-eabi/lib/thumb/v7e-m+fp/hard/crt0.o (memset)
/opt/stm32cubeide/plugins/com.st.stm32cube.ide.mcu.externaltools.gnu-tools-for-stm32.12.3.rel1.linux64_1.0.200.202406132123/tools/bin/../lib/gcc/arm-none-eabi/12.3.1/../../../../arm-none-eabi/lib/thumb/v7e-m+fp/hard/libc_nano.a(libc_a-closer.o)
                              /opt/stm32cubeide/plugins/com.st.stm32cube.ide.mcu.externaltools.gnu-tools-for-stm32.12.3.rel1.linux64_1.0.200.202406132123/tools/bin/../lib/gcc/arm-none-eabi/12.3.1/../../../../arm-none-eabi/lib/thumb/v7e-m+fp/hard/libc_nano.a(libc_a-stdio.o) (_close_r)
/opt/stm32cubeide/plugins/com.st.stm32cube.ide.mcu.externaltools.gnu-tools-for-stm32.12.3.rel1.linux64_1.0.200.202406132123/tools/bin/../lib/gcc/arm-none-eabi/12.3.1/../../../../arm-none-eabi/lib/thumb/v7e-m+fp/hard/libc_nano.a(libc_a-reent.o)
                              /opt/stm32cubeide/plugins/com.st.stm32cube.ide.mcu.externaltools.gnu-tools-for-stm32.12.3.rel1.linux64_1.0.200.202406132123/tools/bin/../lib/gcc/arm-none-eabi/12.3.1/../../../../arm-none-eabi/lib/thumb/v7e-m+fp/hard/libc_nano.a(libc_a-closer.o) (errno)
/opt/stm32cubeide/plugins/com.st.stm32cube.ide.mcu.externaltools.gnu-tools-for-stm32.12.3.rel1.linux64_1.0.200.202406132123/tools/bin/../lib/gcc/arm-none-eabi/12.3.1/../../../../arm-none-eabi/lib/thumb/v7e-m+fp/hard/libc_nano.a(libc_a-impure.o)
                              /opt/stm32cubeide/plugins/com.st.stm32cube.ide.mcu.externaltools.gnu-tools-for-stm32.12.3.rel1.linux64_1.0.200.202406132123/tools/bin/../lib/gcc/arm-none-eabi/12.3.1/../../../../arm-none-eabi/lib/thumb/v7e-m+fp/hard/libc_nano.a(libc_a-reent.o) (_impure_ptr)
/opt/stm32cubeide/plugins/com.st.stm32cube.ide.mcu.externaltools.gnu-tools-for-stm32.12.3.rel1.linux64_1.0.200.202406132123/tools/bin/../lib/gcc/arm-none-eabi/12.3.1/../../../../arm-none-eabi/lib/thumb/v7e-m+fp/hard/libc_nano.a(libc_a-lseekr.o)
                              /opt/stm32cubeide/plugins/com.st.stm32cube.ide.mcu.externaltools.gnu-tools-for-stm32.12.3.rel1.linux64_1.0.200.202406132123/tools/bin/../lib/gcc/arm-none-eabi/12.3.1/../../../../arm-none-eabi/lib/thumb/v7e-m+fp/hard/libc_nano.a(libc_a-stdio.o) (_lseek_r)
[...]
Memory Configuration

Name             Origin             Length             Attributes
CCMRAM           0x10000000         0x00010000         xrw
RAM              0x20000000         0x00020000         xrw
FLASH            0x08000000         0x00100000         xr
*default*        0x00000000         0xffffffff

Linker script and memory map

LOAD /opt/stm32cubeide/plugins/com.st.stm32cube.ide.mcu.externaltools.gnu-tools-for-stm32.12.3.rel1.linux64_1.0.200.202406132123/tools/bin/../lib/gcc/arm-none-eabi/12.3.1/thumb/v7e-m+fp/hard/crti.o
LOAD /opt/stm32cubeide/plugins/com.st.stm32cube.ide.mcu.externaltools.gnu-tools-for-stm32.12.3.rel1.linux64_1.0.200.202406132123/tools/bin/../lib/gcc/arm-none-eabi/12.3.1/thumb/v7e-m+fp/hard/crtbegin.o
LOAD /opt/stm32cubeide/plugins/com.st.stm32cube.ide.mcu.externaltools.gnu-tools-for-stm32.12.3.rel1.linux64_1.0.200.202406132123/tools/bin/../lib/gcc/arm-none-eabi/12.3.1/../../../../arm-none-eabi/lib/thumb/v7e-m+fp/hard/crt0.o
LOAD ./Core/Src/fatfs_sd.o
LOAD ./Core/Src/main.o
LOAD ./Core/Src/ov5640.o
LOAD ./Core/Src/ov5640_reg.o
LOAD ./Core/Src/stm32f4xx_hal_msp.o
LOAD ./Core/Src/stm32f4xx_it.o
LOAD ./Core/Src/syscalls.o
LOAD ./Core/Src/sysmem.o
LOAD ./Core/Src/system_stm32f4xx.o
LOAD ./Core/Startup/startup_stm32f407vgtx.o
LOAD ./Drivers/STM32F4xx_HAL_Driver/Src/stm32f4xx_hal.o
LOAD ./Drivers/STM32F4xx_HAL_Driver/Src/stm32f4xx_hal_cortex.o
LOAD ./Drivers/STM32F4xx_HAL_Driver/Src/stm32f4xx_hal_dcmi.o
LOAD ./Drivers/STM32F4xx_HAL_Driver/Src/stm32f4xx_hal_dcmi_ex.o
LOAD ./Drivers/STM32F4xx_HAL_Driver/Src/stm32f4xx_hal_dma.o
LOAD ./Drivers/STM32F4xx_HAL_Driver/Src/stm32f4xx_hal_dma_ex.o
LOAD ./Drivers/STM32F4xx_HAL_Driver/Src/stm32f4xx_hal_exti.o
LOAD ./Drivers/STM32F4xx_HAL_Driver/Src/stm32f4xx_hal_flash.o
LOAD ./Drivers/STM32F4xx_HAL_Driver/Src/stm32f4xx_hal_flash_ex.o
LOAD ./Drivers/STM32F4xx_HAL_Driver/Src/stm32f4xx_hal_flash_ramfunc.o
LOAD ./Drivers/STM32F4xx_HAL_Driver/Src/stm32f4xx_hal_gpio.o
LOAD ./Drivers/STM32F4xx_HAL_Driver/Src/stm32f4xx_hal_i2c.o
LOAD ./Drivers/STM32F4xx_HAL_Driver/Src/stm32f4xx_hal_i2c_ex.o
LOAD ./Drivers/STM32F4xx_HAL_Driver/Src/stm32f4xx_hal_pwr.o
LOAD ./Drivers/STM32F4xx_HAL_Driver/Src/stm32f4xx_hal_pwr_ex.o
LOAD ./Drivers/STM32F4xx_HAL_Driver/Src/stm32f4xx_hal_rcc.o
LOAD ./Drivers/STM32F4xx_HAL_Driver/Src/stm32f4xx_hal_rcc_ex.o
LOAD ./Drivers/STM32F4xx_HAL_Driver/Src/stm32f4xx_hal_sd.o
LOAD ./Drivers/STM32F4xx_HAL_Driver/Src/stm32f4xx_hal_spi.o
LOAD ./Drivers/STM32F4xx_HAL_Driver/Src/stm32f4xx_hal_sram.o
LOAD ./Drivers/STM32F4xx_HAL_Driver/Src/stm32f4xx_hal_tim.o
LOAD ./Drivers/STM32F4xx_HAL_Driver/Src/stm32f4xx_hal_tim_ex.o
LOAD ./Drivers/STM32F4xx_HAL_Driver/Src/stm32f4xx_ll_fsmc.o
LOAD ./Drivers/STM32F4xx_HAL_Driver/Src/stm32f4xx_ll_sdmmc.o
LOAD ./FATFS/App/fatfs.o
LOAD ./FATFS/Target/user_diskio.o
LOAD ./Middlewares/Third_Party/FatFs/src/diskio.o
LOAD ./Middlewares/Third_Party/FatFs/src/ff.o
LOAD ./Middlewares/Third_Party/FatFs/src/ff_gen_drv.o
LOAD ./Middlewares/Third_Party/FatFs/src/option/ccsbcs.o
LOAD ./Middlewares/Third_Party/FatFs/src/option/syscall.o
START GROUP
LOAD /opt/stm32cubeide/plugins/com.st.stm32cube.ide.mcu.externaltools.gnu-tools-for-stm32.12.3.rel1.linux64_1.0.200.202406132123/tools/bin/../lib/gcc/arm-none-eabi/12.3.1/../../../../arm-none-eabi/lib/thumb/v7e-m+fp/hard/libc_nano.a
LOAD /opt/stm32cubeide/plugins/com.st.stm32cube.ide.mcu.externaltools.gnu-tools-for-stm32.12.3.rel1.linux64_1.0.200.202406132123/tools/bin/../lib/gcc/arm-none-eabi/12.3.1/../../../../arm-none-eabi/lib/thumb/v7e-m+fp/hard/libm.a
END GROUP
START GROUP
LOAD /opt/stm32cubeide/plugins/com.st.stm32cube.ide.mcu.externaltools.gnu-tools-for-stm32.12.3.rel1.linux64_1.0.200.202406132123/tools/bin/../lib/gcc/arm-none-eabi/12.3.1/thumb/v7e-m+fp/hard/libgcc.a
LOAD /opt/stm32cubeide/plugins/com.st.stm32cube.ide.mcu.externaltools.gnu-tools-for-stm32.12.3.rel1.linux64_1.0.200.202406132123/tools/bin/../lib/gcc/arm-none-eabi/12.3.1/../../../../arm-none-eabi/lib/thumb/v7e-m+fp/hard/libc_nano.a
END GROUP
START GROUP
LOAD /opt/stm32cubeide/plugins/com.st.stm32cube.ide.mcu.externaltools.gnu-tools-for-stm32.12.3.rel1.linux64_1.0.200.202406132123/tools/bin/../lib/gcc/arm-none-eabi/12.3.1/thumb/v7e-m+fp/hard/libgcc.a
LOAD /opt/stm32cubeide/plugins/com.st.stm32cube.ide.mcu.externaltools.gnu-tools-for-stm32.12.3.rel1.linux64_1.0.200.202406132123/tools/bin/../lib/gcc/arm-none-eabi/12.3.1/../../../../arm-none-eabi/lib/thumb/v7e-m+fp/hard/libc_nano.a
LOAD /opt/stm32cubeide/plugins/com.st.stm32cube.ide.mcu.externaltools.gnu-tools-for-stm32.12.3.rel1.linux64_1.0.200.202406132123/tools/bin/../lib/gcc/arm-none-eabi/12.3.1/../../../../arm-none-eabi/lib/thumb/v7e-m+fp/hard/libnosys.a
END GROUP
START GROUP
LOAD /opt/stm32cubeide/plugins/com.st.stm32cube.ide.mcu.externaltools.gnu-tools-for-stm32.12.3.rel1.linux64_1.0.200.202406132123/tools/bin/../lib/gcc/arm-none-eabi/12.3.1/thumb/v7e-m+fp/hard/libgcc.a
LOAD /opt/stm32cubeide/plugins/com.st.stm32cube.ide.mcu.externaltools.gnu-tools-for-stm32.12.3.rel1.linux64_1.0.200.202406132123/tools/bin/../lib/gcc/arm-none-eabi/12.3.1/../../../../arm-none-eabi/lib/thumb/v7e-m+fp/hard/libc_nano.a
LOAD /opt/stm32cubeide/plugins/com.st.stm32cube.ide.mcu.externaltools.gnu-tools-for-stm32.12.3.rel1.linux64_1.0.200.202406132123/tools/bin/../lib/gcc/arm-none-eabi/12.3.1/../../../../arm-none-eabi/lib/thumb/v7e-m+fp/hard/libnosys.a
END GROUP
LOAD /opt/stm32cubeide/plugins/com.st.stm32cube.ide.mcu.externaltools.gnu-tools-for-stm32.12.3.rel1.linux64_1.0.200.202406132123/tools/bin/../lib/gcc/arm-none-eabi/12.3.1/thumb/v7e-m+fp/hard/crtend.o
LOAD /opt/stm32cubeide/plugins/com.st.stm32cube.ide.mcu.externaltools.gnu-tools-for-stm32.12.3.rel1.linux64_1.0.200.202406132123/tools/bin/../lib/gcc/arm-none-eabi/12.3.1/thumb/v7e-m+fp/hard/crtn.o
                0x20020000                        _estack = (ORIGIN (RAM) + LENGTH (RAM))
                0x00000200                        _Min_Heap_Size = 0x200
                0x00000400                        _Min_Stack_Size = 0x400

.isr_vector     0x08000000      0x188
                0x08000000                        . = ALIGN (0x4)
 *(.isr_vector)
 .isr_vector    0x08000000      0x188 ./Core/Startup/startup_stm32f407vgtx.o
                0x08000000                g_pfnVectors
                0x08000188                        . = ALIGN (0x4)

.text           0x08000188     0x9b98
                0x08000188                        . = ALIGN (0x4)
 *(.text)
 .text          0x08000188       0x40 /opt/stm32cubeide/plugins/com.st.stm32cube.ide.mcu.externaltools.gnu-tools-for-stm32.12.3.rel1.linux64_1.0.200.202406132123/tools/bin/../lib/gcc/arm-none-eabi/12.3.1/thumb/v7e-m+fp/hard/crtbegin.o
 .text          0x080001c8       0x30 /opt/stm32cubeide/plugins/com.st.stm32cube.ide.mcu.externaltools.gnu-tools-for-stm32.12.3.rel1.linux64_1.0.200.202406132123/tools/bin/../lib/gcc/arm-none-eabi/12.3.1/thumb/v7e-m+fp/hard/libgcc.a(_aeabi_uldivmod.o)
                0x080001c8                __aeabi_uldivmod
 .text          0x080001f8      0x2bc /opt/stm32cubeide/plugins/com.st.stm32cube.ide.mcu.externaltools.gnu-tools-for-stm32.12.3.rel1.linux64_1.0.200.202406132123/tools/bin/../lib/gcc/arm-none-eabi/12.3.1/thumb/v7e-m+fp/hard/libgcc.a(_udivmoddi4.o)
                0x080001f8                __udivmoddi4
 .text          0x080004b4        0x4 /opt/stm32cubeide/plugins/com.st.stm32cube.ide.mcu.externaltools.gnu-tools-for-stm32.12.3.rel1.linux64_1.0.200.202406132123/tools/bin/../lib/gcc/arm-none-eabi/12.3.1/thumb/v7e-m+fp/hard/libgcc.a(_dvmd_tls.o)
                0x080004b4                __aeabi_ldiv0
                0x080004b4                __aeabi_idiv0
 *(.text*)
 .text.SELECT   0x080004b8       0x1c ./Core/Src/fatfs_sd.o
 .text.DESELECT
                0x080004d4       0x1c ./Core/Src/fatfs_sd.o
 .text.SPI_TxByte
                0x080004f0       0x34 ./Core/Src/fatfs_sd.o
 .text.SPI_TxBuffer
                0x08000524       0x34 ./Core/Src/fatfs_sd.o
 .text.SPI_RxByte
                0x08000558       0x38 ./Core/Src/fatfs_sd.o
 .text.SPI_RxBytePtr
                0x08000590       0x1c ./Core/Src/fatfs_sd.o
 .text.SD_ReadyWait
                0x080005ac       0x34 ./Core/Src/fatfs_sd.o
 .text.SD_PowerOn
                0x080005e0       0x84 ./Core/Src/fatfs_sd.o
 .text.SD_PowerOff
                0x08000664       0x18 ./Core/Src/fatfs_sd.o
 .text.SD_CheckPower
                0x0800067c       0x18 ./Core/Src/fatfs_sd.o
 .text.SD_RxDataBlock
                0x08000694       0x5c ./Core/Src/fatfs_sd.o
 .text.SD_TxDataBlock
                0x080006f0       0x86 ./Core/Src/fatfs_sd.o
 .text.SD_SendCmd
                0x08000776       0xa8 ./Core/Src/fatfs_sd.o
 *fill*         0x0800081e        0x2 
 .text.SD_disk_initialize
                0x08000820      0x1cc ./Core/Src/fatfs_sd.o
                0x08000820                SD_disk_initialize
 .text.SD_disk_status
                0x080009ec       0x2c ./Core/Src/fatfs_sd.o
                0x080009ec                SD_disk_status
 .text.SD_disk_read
                0x08000a18       0xd4 ./Core/Src/fatfs_sd.o
                0x08000a18                SD_disk_read
 .text.SD_disk_write
                0x08000aec      0x108 ./Core/Src/fatfs_sd.o
                0x08000aec                SD_disk_write
 .text.SD_disk_ioctl
                0x08000bf4      0x254 ./Core/Src/fatfs_sd.o
                0x08000bf4                SD_disk_ioctl
 .text.SD_Init  0x08000e48       0x38 ./Core/Src/main.o
                0x08000e48                SD_Init
 .text.main     0x08000e80      0x104 ./Core/Src/main.o
                0x08000e80                main
 .text.SystemClock_Config
                0x08000f84       0xe0 ./Core/Src/main.o
                0x08000f84                SystemClock_Config
 .text.MX_DCMI_Init
                0x08001064       0x50 ./Core/Src/main.o
 .text.MX_I2C2_Init
                0x080010b4       0x5c ./Core/Src/main.o
 .text.MX_SDIO_SD_Init
                0x08001110       0x4c ./Core/Src/main.o
 .text.MX_SPI1_Init
                0x0800115c       0x6c ./Core/Src/main.o
 .text.MX_DMA_Init
                0x080011c8       0x40 ./Core/Src/main.o
 .text.MX_GPIO_Init
                0x08001208      0x170 ./Core/Src/main.o
 .text.MX_FSMC_Init
                0x08001378       0xc0 ./Core/Src/main.o
 .text.Error_Handler
                0x08001438        0xc ./Core/Src/main.o
                0x08001438                Error_Handler
 .text.OV5640_Init
                0x08001444      0x14c ./Core/Src/ov5640.o
                0x08001444                OV5640_Init
 .text.OV5640_SetPixelFormat
                0x08001590      0x328 ./Core/Src/ov5640.o
                0x08001590                OV5640_SetPixelFormat
 .text.OV5640_SetResolution
                0x080018b8      0x1ec ./Core/Src/ov5640.o
                0x080018b8                OV5640_SetResolution
 .text.OV5640_SetPolarities
                0x08001aa4       0x8c ./Core/Src/ov5640.o
                0x08001aa4                OV5640_SetPolarities
 .text.OV5640_EnableDVPMode
                0x08001b30       0x60 ./Core/Src/ov5640.o
                0x08001b30                OV5640_EnableDVPMode
 .text.OV5640_EnableMIPIMode
                0x08001b90       0x60 ./Core/Src/ov5640.o
                0x08001b90                OV5640_EnableMIPIMode
 .text.OV5640_SetMIPIVirtualChannel
                0x08001bf0       0x74 ./Core/Src/ov5640.o
                0x08001bf0                OV5640_SetMIPIVirtualChannel
 .text.OV5640_Delay
                0x08001c64       0x34 ./Core/Src/ov5640.o
 .text.ov5640_read_reg
                0x08001c98       0x2e ./Core/Src/ov5640_reg.o
                0x08001c98                ov5640_read_reg
 .text.ov5640_write_reg
                0x08001cc6       0x2e ./Core/Src/ov5640_reg.o
                0x08001cc6                ov5640_write_reg
 .text.HAL_MspInit
                0x08001cf4       0x50 ./Core/Src/stm32f4xx_hal_msp.o
                0x08001cf4                HAL_MspInit
 .text.HAL_DCMI_MspInit
                0x08001d44      0x1e8 ./Core/Src/stm32f4xx_hal_msp.o
                0x08001d44                HAL_DCMI_MspInit
 .text.HAL_I2C_MspInit
                0x08001f2c       0x90 ./Core/Src/stm32f4xx_hal_msp.o
                0x08001f2c                HAL_I2C_MspInit
 .text.HAL_SD_MspInit
                0x08001fbc       0xd0 ./Core/Src/stm32f4xx_hal_msp.o
                0x08001fbc                HAL_SD_MspInit
 .text.HAL_SPI_MspInit
                0x0800208c       0xd0 ./Core/Src/stm32f4xx_hal_msp.o
                0x0800208c                HAL_SPI_MspInit
 .text.HAL_FSMC_MspInit
                0x0800215c       0x98 ./Core/Src/stm32f4xx_hal_msp.o
 .text.HAL_SRAM_MspInit
                0x080021f4       0x14 ./Core/Src/stm32f4xx_hal_msp.o
                0x080021f4                HAL_SRAM_MspInit
 .text.NMI_Handler
                0x08002208        0x8 ./Core/Src/stm32f4xx_it.o
                0x08002208                NMI_Handler
 .text.HardFault_Handler
                0x08002210        0x8 ./Core/Src/stm32f4xx_it.o
                0x08002210                HardFault_Handler
 .text.MemManage_Handler
                0x08002218        0x8 ./Core/Src/stm32f4xx_it.o
                0x08002218                MemManage_Handler
 .text.BusFault_Handler
                0x08002220        0x8 ./Core/Src/stm32f4xx_it.o
                0x08002220                BusFault_Handler
 .text.UsageFault_Handler
                0x08002228        0x8 ./Core/Src/stm32f4xx_it.o
                0x08002228                UsageFault_Handler
 .text.SVC_Handler
                0x08002230        0xe ./Core/Src/stm32f4xx_it.o
                0x08002230                SVC_Handler
 .text.DebugMon_Handler
                0x0800223e        0xe ./Core/Src/stm32f4xx_it.o
                0x0800223e                DebugMon_Handler
 .text.PendSV_Handler
                0x0800224c        0xe ./Core/Src/stm32f4xx_it.o
                0x0800224c                PendSV_Handler
 *fill*         0x0800225a        0x2 
 .text.SysTick_Handler
                0x0800225c       0x3c ./Core/Src/stm32f4xx_it.o
                0x0800225c                SysTick_Handler
 .text.DMA2_Stream1_IRQHandler
                0x08002298       0x14 ./Core/Src/stm32f4xx_it.o
                0x08002298                DMA2_Stream1_IRQHandler
 .text.HAL_DCMI_FrameEventCallback
                0x080022ac       0x14 ./Core/Src/stm32f4xx_it.o
                0x080022ac                HAL_DCMI_FrameEventCallback
 .text.HAL_DCMI_LineEventCallback
                0x080022c0       0x14 ./Core/Src/stm32f4xx_it.o
                0x080022c0                HAL_DCMI_LineEventCallback
 .text.HAL_DCMI_VsyncEventCallback
                0x080022d4       0x14 ./Core/Src/stm32f4xx_it.o
                0x080022d4                HAL_DCMI_VsyncEventCallback
 .text.DCMI_IRQHandler
                0x080022e8       0x14 ./Core/Src/stm32f4xx_it.o
                0x080022e8                DCMI_IRQHandler
 .text.SystemInit
                0x080022fc       0x24 ./Core/Src/system_stm32f4xx.o
                0x080022fc                SystemInit
 .text.Reset_Handler
                0x08002320       0x50 ./Core/Startup/startup_stm32f407vgtx.o
                0x08002320                Reset_Handler
 .text.Default_Handler
                0x08002370        0x2 ./Core/Startup/startup_stm32f407vgtx.o
                0x08002370                RTC_Alarm_IRQHandler
                0x08002370                HASH_RNG_IRQHandler
                0x08002370                EXTI2_IRQHandler
                0x08002370                TIM8_CC_IRQHandler
                0x08002370                TIM1_CC_IRQHandler
                0x08002370                DMA2_Stream5_IRQHandler
                0x08002370                DMA1_Stream5_IRQHandler
                0x08002370                PVD_IRQHandler
                0x08002370                SDIO_IRQHandler
                0x08002370                TAMP_STAMP_IRQHandler
                0x08002370                CAN2_RX1_IRQHandler
                0x08002370                EXTI3_IRQHandler
                0x08002370                TIM8_TRG_COM_TIM14_IRQHandler
                0x08002370                TIM1_UP_TIM10_IRQHandler
                0x08002370                TIM8_UP_TIM13_IRQHandler
                0x08002370                I2C3_ER_IRQHandler
                0x08002370                EXTI0_IRQHandler
                0x08002370                I2C2_EV_IRQHandler
                0x08002370                DMA1_Stream2_IRQHandler
                0x08002370                CAN1_RX0_IRQHandler
                0x08002370                FPU_IRQHandler
                0x08002370                OTG_HS_WKUP_IRQHandler
                0x08002370                CAN2_SCE_IRQHandler
                0x08002370                DMA2_Stream2_IRQHandler
                0x08002370                SPI1_IRQHandler
                0x08002370                TIM6_DAC_IRQHandler
                0x08002370                TIM1_BRK_TIM9_IRQHandler
                0x08002370                CAN2_RX0_IRQHandler
                0x08002370                DMA2_Stream3_IRQHandler
                0x08002370                USART6_IRQHandler
                0x08002370                USART3_IRQHandler
                0x08002370                CAN1_RX1_IRQHandler
                0x08002370                UART5_IRQHandler
                0x08002370                DMA2_Stream0_IRQHandler
                0x08002370                TIM4_IRQHandler
                0x08002370                I2C1_EV_IRQHandler
                0x08002370                DMA1_Stream6_IRQHandler
                0x08002370                DMA1_Stream1_IRQHandler
                0x08002370                UART4_IRQHandler
                0x08002370                TIM3_IRQHandler
                0x08002370                RCC_IRQHandler
                0x08002370                TIM8_BRK_TIM12_IRQHandler
                0x08002370                Default_Handler
                0x08002370                EXTI15_10_IRQHandler
                0x08002370                ADC_IRQHandler
                0x08002370                DMA1_Stream7_IRQHandler
                0x08002370                TIM7_IRQHandler
                0x08002370                CAN2_TX_IRQHandler
                0x08002370                TIM5_IRQHandler
                0x08002370                DMA2_Stream7_IRQHandler
                0x08002370                I2C3_EV_IRQHandler
                0x08002370                EXTI9_5_IRQHandler
                0x08002370                RTC_WKUP_IRQHandler
                0x08002370                ETH_WKUP_IRQHandler
                0x08002370                SPI2_IRQHandler
                0x08002370                OTG_HS_EP1_IN_IRQHandler
                0x08002370                DMA1_Stream0_IRQHandler
                0x08002370                CAN1_TX_IRQHandler
                0x08002370                EXTI4_IRQHandler
                0x08002370                FSMC_IRQHandler
                0x08002370                ETH_IRQHandler
                0x08002370                OTG_HS_EP1_OUT_IRQHandler
                0x08002370                WWDG_IRQHandler
                0x08002370                TIM2_IRQHandler
                0x08002370                OTG_FS_WKUP_IRQHandler
                0x08002370                TIM1_TRG_COM_TIM11_IRQHandler
                0x08002370                OTG_HS_IRQHandler
                0x08002370                EXTI1_IRQHandler
                0x08002370                USART2_IRQHandler
                0x08002370                I2C2_ER_IRQHandler
                0x08002370                CAN1_SCE_IRQHandler
                0x08002370                FLASH_IRQHandler
                0x08002370                DMA2_Stream4_IRQHandler
                0x08002370                USART1_IRQHandler
                0x08002370                OTG_FS_IRQHandler
                0x08002370                SPI3_IRQHandler
                0x08002370                DMA1_Stream4_IRQHandler
                0x08002370                I2C1_ER_IRQHandler
                0x08002370                DMA2_Stream6_IRQHandler
                0x08002370                DMA1_Stream3_IRQHandler
 *fill*         0x08002372        0x2 
 .text.HAL_Init
                0x08002374       0x44 ./Drivers/STM32F4xx_HAL_Driver/Src/stm32f4xx_hal.o
                0x08002374                HAL_Init
 .text.HAL_InitTick
                0x080023b8       0x60 ./Drivers/STM32F4xx_HAL_Driver/Src/stm32f4xx_hal.o
                0x080023b8                HAL_InitTick
 .text.HAL_IncTick
                0x08002418       0x28 ./Drivers/STM32F4xx_HAL_Driver/Src/stm32f4xx_hal.o
                0x08002418                HAL_IncTick
 .text.HAL_GetTick
                0x08002440       0x18 ./Drivers/STM32F4xx_HAL_Driver/Src/stm32f4xx_hal.o
                0x08002440                HAL_GetTick
 .text.HAL_Delay
                0x08002458       0x48 ./Drivers/STM32F4xx_HAL_Driver/Src/stm32f4xx_hal.o
                0x08002458                HAL_Delay
 .text.__NVIC_SetPriorityGrouping
                0x080024a0       0x48 ./Drivers/STM32F4xx_HAL_Driver/Src/stm32f4xx_hal_cortex.o
 .text.__NVIC_GetPriorityGrouping
                0x080024e8       0x1c ./Drivers/STM32F4xx_HAL_Driver/Src/stm32f4xx_hal_cortex.o
 .text.__NVIC_EnableIRQ
                0x08002504       0x3c ./Drivers/STM32F4xx_HAL_Driver/Src/stm32f4xx_hal_cortex.o
 .text.__NVIC_SetPriority
                0x08002540       0x54 ./Drivers/STM32F4xx_HAL_Driver/Src/stm32f4xx_hal_cortex.o
 .text.NVIC_EncodePriority
                0x08002594       0x66 ./Drivers/STM32F4xx_HAL_Driver/Src/stm32f4xx_hal_cortex.o
 *fill*         0x080025fa        0x2 
 .text.SysTick_Config
                0x080025fc       0x44 ./Drivers/STM32F4xx_HAL_Driver/Src/stm32f4xx_hal_cortex.o
 .text.HAL_NVIC_SetPriorityGrouping
                0x08002640       0x16 ./Drivers/STM32F4xx_HAL_Driver/Src/stm32f4xx_hal_cortex.o
                0x08002640                HAL_NVIC_SetPriorityGrouping
 .text.HAL_NVIC_SetPriority
                0x08002656       0x38 ./Drivers/STM32F4xx_HAL_Driver/Src/stm32f4xx_hal_cortex.o
                0x08002656                HAL_NVIC_SetPriority
 .text.HAL_NVIC_EnableIRQ
                0x0800268e       0x1c ./Drivers/STM32F4xx_HAL_Driver/Src/stm32f4xx_hal_cortex.o
                0x0800268e                HAL_NVIC_EnableIRQ
 .text.HAL_SYSTICK_Config
                0x080026aa       0x18 ./Drivers/STM32F4xx_HAL_Driver/Src/stm32f4xx_hal_cortex.o
                0x080026aa                HAL_SYSTICK_Config
 *fill*         0x080026c2        0x2 
 .text.HAL_DCMI_Start_DMA
                0x080026c4      0x140 ./Drivers/STM32F4xx_HAL_Driver/Src/stm32f4xx_hal_dcmi.o
                0x080026c4                HAL_DCMI_Start_DMA
 .text.HAL_DCMI_IRQHandler
                0x08002804       0xfc ./Drivers/STM32F4xx_HAL_Driver/Src/stm32f4xx_hal_dcmi.o
                0x08002804                HAL_DCMI_IRQHandler
 .text.HAL_DCMI_ErrorCallback
                0x08002900       0x14 ./Drivers/STM32F4xx_HAL_Driver/Src/stm32f4xx_hal_dcmi.o
                0x08002900                HAL_DCMI_ErrorCallback
 .text.DCMI_DMAXferCplt
                0x08002914      0x12a ./Drivers/STM32F4xx_HAL_Driver/Src/stm32f4xx_hal_dcmi.o
 .text.DCMI_DMAError
                0x08002a3e       0x2e ./Drivers/STM32F4xx_HAL_Driver/Src/stm32f4xx_hal_dcmi.o
 .text.HAL_DCMI_Init
                0x08002a6c       0xda ./Drivers/STM32F4xx_HAL_Driver/Src/stm32f4xx_hal_dcmi_ex.o
                0x08002a6c                HAL_DCMI_Init
 *fill*         0x08002b46        0x2 
 .text.HAL_DMA_Init
                0x08002b48      0x15c ./Drivers/STM32F4xx_HAL_Driver/Src/stm32f4xx_hal_dma.o
                0x08002b48                HAL_DMA_Init
 .text.HAL_DMA_Start_IT
                0x08002ca4       0xb0 ./Drivers/STM32F4xx_HAL_Driver/Src/stm32f4xx_hal_dma.o
                0x08002ca4                HAL_DMA_Start_IT
 .text.HAL_DMA_Abort_IT
                0x08002d54       0x44 ./Drivers/STM32F4xx_HAL_Driver/Src/stm32f4xx_hal_dma.o
                0x08002d54                HAL_DMA_Abort_IT
 .text.HAL_DMA_IRQHandler
                0x08002d98      0x314 ./Drivers/STM32F4xx_HAL_Driver/Src/stm32f4xx_hal_dma.o
                0x08002d98                HAL_DMA_IRQHandler
 .text.DMA_SetConfig
                0x080030ac       0x5c ./Drivers/STM32F4xx_HAL_Driver/Src/stm32f4xx_hal_dma.o
 .text.DMA_CalcBaseAndBitshift
                0x08003108       0x6c ./Drivers/STM32F4xx_HAL_Driver/Src/stm32f4xx_hal_dma.o
 .text.DMA_CheckFifoParam
                0x08003174       0xf8 ./Drivers/STM32F4xx_HAL_Driver/Src/stm32f4xx_hal_dma.o
 .text.HAL_DMAEx_MultiBufferStart_IT
                0x0800326c     0x1290 ./Drivers/STM32F4xx_HAL_Driver/Src/stm32f4xx_hal_dma_ex.o
                0x0800326c                HAL_DMAEx_MultiBufferStart_IT
 .text.HAL_DMAEx_ChangeMemory
                0x080044fc       0x34 ./Drivers/STM32F4xx_HAL_Driver/Src/stm32f4xx_hal_dma_ex.o
                0x080044fc                HAL_DMAEx_ChangeMemory
 .text.DMA_MultiBufferSetConfig
                0x08004530       0x4c ./Drivers/STM32F4xx_HAL_Driver/Src/stm32f4xx_hal_dma_ex.o
 .text.HAL_GPIO_Init
                0x0800457c      0x338 ./Drivers/STM32F4xx_HAL_Driver/Src/stm32f4xx_hal_gpio.o
                0x0800457c                HAL_GPIO_Init
 .text.HAL_GPIO_WritePin
                0x080048b4       0x32 ./Drivers/STM32F4xx_HAL_Driver/Src/stm32f4xx_hal_gpio.o
                0x080048b4                HAL_GPIO_WritePin
 *fill*         0x080048e6        0x2 
 .text.HAL_I2C_Init
                0x080048e8      0x288 ./Drivers/STM32F4xx_HAL_Driver/Src/stm32f4xx_hal_i2c.o
                0x080048e8                HAL_I2C_Init
 .text.HAL_RCC_OscConfig
                0x08004b70      0x4f0 ./Drivers/STM32F4xx_HAL_Driver/Src/stm32f4xx_hal_rcc.o
                0x08004b70                HAL_RCC_OscConfig
 .text.HAL_RCC_ClockConfig
                0x08005060      0x1cc ./Drivers/STM32F4xx_HAL_Driver/Src/stm32f4xx_hal_rcc.o
                0x08005060                HAL_RCC_ClockConfig
 .text.HAL_RCC_MCOConfig
                0x0800522c       0xd0 ./Drivers/STM32F4xx_HAL_Driver/Src/stm32f4xx_hal_rcc.o
                0x0800522c                HAL_RCC_MCOConfig
 .text.HAL_RCC_GetSysClockFreq
                0x080052fc      0x20c ./Drivers/STM32F4xx_HAL_Driver/Src/stm32f4xx_hal_rcc.o
                0x080052fc                HAL_RCC_GetSysClockFreq
 .text.HAL_RCC_GetHCLKFreq
                0x08005508       0x18 ./Drivers/STM32F4xx_HAL_Driver/Src/stm32f4xx_hal_rcc.o
                0x08005508                HAL_RCC_GetHCLKFreq
 .text.HAL_RCC_GetPCLK1Freq
                0x08005520       0x28 ./Drivers/STM32F4xx_HAL_Driver/Src/stm32f4xx_hal_rcc.o
                0x08005520                HAL_RCC_GetPCLK1Freq
 .text.HAL_SD_Init
                0x08005548       0x60 ./Drivers/STM32F4xx_HAL_Driver/Src/stm32f4xx_hal_sd.o
                0x08005548                HAL_SD_Init
 .text.HAL_SD_InitCard
                0x080055a8      0x100 ./Drivers/STM32F4xx_HAL_Driver/Src/stm32f4xx_hal_sd.o
                0x080055a8                HAL_SD_InitCard
 .text.HAL_SD_GetCardCSD
                0x080056a8      0x348 ./Drivers/STM32F4xx_HAL_Driver/Src/stm32f4xx_hal_sd.o
                0x080056a8                HAL_SD_GetCardCSD
 .text.SD_InitCard
                0x080059f0      0x19c ./Drivers/STM32F4xx_HAL_Driver/Src/stm32f4xx_hal_sd.o
 .text.SD_PowerON
                0x08005b8c      0x11c ./Drivers/STM32F4xx_HAL_Driver/Src/stm32f4xx_hal_sd.o
 .text.HAL_SPI_Init
                0x08005ca8      0x112 ./Drivers/STM32F4xx_HAL_Driver/Src/stm32f4xx_hal_spi.o
                0x08005ca8                HAL_SPI_Init
 .text.HAL_SPI_Transmit
                0x08005dba      0x286 ./Drivers/STM32F4xx_HAL_Driver/Src/stm32f4xx_hal_spi.o
                0x08005dba                HAL_SPI_Transmit
 .text.HAL_SPI_TransmitReceive
                0x08006040      0x360 ./Drivers/STM32F4xx_HAL_Driver/Src/stm32f4xx_hal_spi.o
                0x08006040                HAL_SPI_TransmitReceive
 .text.SPI_WaitFlagStateUntilTimeout
                0x080063a0      0x110 ./Drivers/STM32F4xx_HAL_Driver/Src/stm32f4xx_hal_spi.o
 .text.SPI_EndRxTxTransaction
                0x080064b0       0xa8 ./Drivers/STM32F4xx_HAL_Driver/Src/stm32f4xx_hal_spi.o
 .text.HAL_SRAM_Init
                0x08006558       0x90 ./Drivers/STM32F4xx_HAL_Driver/Src/stm32f4xx_hal_sram.o
                0x08006558                HAL_SRAM_Init
 .text.FSMC_NORSRAM_Init
                0x080065e8       0xd4 ./Drivers/STM32F4xx_HAL_Driver/Src/stm32f4xx_ll_fsmc.o
                0x080065e8                FSMC_NORSRAM_Init
 .text.FSMC_NORSRAM_Timing_Init
                0x080066bc       0x6a ./Drivers/STM32F4xx_HAL_Driver/Src/stm32f4xx_ll_fsmc.o
                0x080066bc                FSMC_NORSRAM_Timing_Init
 *fill*         0x08006726        0x2 
 .text.FSMC_NORSRAM_Extended_Timing_Init
                0x08006728       0x70 ./Drivers/STM32F4xx_HAL_Driver/Src/stm32f4xx_ll_fsmc.o
                0x08006728                FSMC_NORSRAM_Extended_Timing_Init
 .text.SDIO_Init
                0x08006798       0x56 ./Drivers/STM32F4xx_HAL_Driver/Src/stm32f4xx_ll_sdmmc.o
                0x08006798                SDIO_Init
 .text.SDIO_PowerState_ON
                0x080067ee       0x1c ./Drivers/STM32F4xx_HAL_Driver/Src/stm32f4xx_ll_sdmmc.o
                0x080067ee                SDIO_PowerState_ON
 .text.SDIO_GetPowerState
                0x0800680a       0x1c ./Drivers/STM32F4xx_HAL_Driver/Src/stm32f4xx_ll_sdmmc.o
                0x0800680a                SDIO_GetPowerState
 .text.SDIO_SendCommand
                0x08006826       0x54 ./Drivers/STM32F4xx_HAL_Driver/Src/stm32f4xx_ll_sdmmc.o
                0x08006826                SDIO_SendCommand
 .text.SDIO_GetCommandResponse
                0x0800687a       0x1a ./Drivers/STM32F4xx_HAL_Driver/Src/stm32f4xx_ll_sdmmc.o
                0x0800687a                SDIO_GetCommandResponse
 .text.SDIO_GetResponse
                0x08006894       0x26 ./Drivers/STM32F4xx_HAL_Driver/Src/stm32f4xx_ll_sdmmc.o
                0x08006894                SDIO_GetResponse
 .text.SDMMC_CmdBlockLength
                0x080068ba       0x44 ./Drivers/STM32F4xx_HAL_Driver/Src/stm32f4xx_ll_sdmmc.o
                0x080068ba                SDMMC_CmdBlockLength
 .text.SDMMC_CmdSelDesel
                0x080068fe       0x46 ./Drivers/STM32F4xx_HAL_Driver/Src/stm32f4xx_ll_sdmmc.o
                0x080068fe                SDMMC_CmdSelDesel
 .text.SDMMC_CmdGoIdleState
                0x08006944       0x3c ./Drivers/STM32F4xx_HAL_Driver/Src/stm32f4xx_ll_sdmmc.o
                0x08006944                SDMMC_CmdGoIdleState
 .text.SDMMC_CmdOperCond
                0x08006980       0x3e ./Drivers/STM32F4xx_HAL_Driver/Src/stm32f4xx_ll_sdmmc.o
                0x08006980                SDMMC_CmdOperCond
 .text.SDMMC_CmdAppCommand
                0x080069be       0x44 ./Drivers/STM32F4xx_HAL_Driver/Src/stm32f4xx_ll_sdmmc.o
                0x080069be                SDMMC_CmdAppCommand
 .text.SDMMC_CmdAppOperCommand
                0x08006a02       0x46 ./Drivers/STM32F4xx_HAL_Driver/Src/stm32f4xx_ll_sdmmc.o
                0x08006a02                SDMMC_CmdAppOperCommand
 .text.SDMMC_CmdSendCID
                0x08006a48       0x3c ./Drivers/STM32F4xx_HAL_Driver/Src/stm32f4xx_ll_sdmmc.o
                0x08006a48                SDMMC_CmdSendCID
 .text.SDMMC_CmdSendCSD
                0x08006a84       0x3e ./Drivers/STM32F4xx_HAL_Driver/Src/stm32f4xx_ll_sdmmc.o
                0x08006a84                SDMMC_CmdSendCSD
 .text.SDMMC_CmdSetRelAdd
                0x08006ac2       0x42 ./Drivers/STM32F4xx_HAL_Driver/Src/stm32f4xx_ll_sdmmc.o
                0x08006ac2                SDMMC_CmdSetRelAdd
 .text.SDMMC_GetCmdResp1
                0x08006b04      0x1dc ./Drivers/STM32F4xx_HAL_Driver/Src/stm32f4xx_ll_sdmmc.o
                0x08006b04                SDMMC_GetCmdResp1
 .text.SDMMC_GetCmdResp2
                0x08006ce0       0x90 ./Drivers/STM32F4xx_HAL_Driver/Src/stm32f4xx_ll_sdmmc.o
                0x08006ce0                SDMMC_GetCmdResp2
 .text.SDMMC_GetCmdResp3
                0x08006d70       0x7c ./Drivers/STM32F4xx_HAL_Driver/Src/stm32f4xx_ll_sdmmc.o
                0x08006d70                SDMMC_GetCmdResp3
 .text.SDMMC_GetCmdResp6
                0x08006dec       0xec ./Drivers/STM32F4xx_HAL_Driver/Src/stm32f4xx_ll_sdmmc.o
                0x08006dec                SDMMC_GetCmdResp6
 .text.SDMMC_GetCmdResp7
                0x08006ed8       0x9c ./Drivers/STM32F4xx_HAL_Driver/Src/stm32f4xx_ll_sdmmc.o
                0x08006ed8                SDMMC_GetCmdResp7
 .text.SDMMC_GetCmdError
                0x08006f74       0x58 ./Drivers/STM32F4xx_HAL_Driver/Src/stm32f4xx_ll_sdmmc.o
 .text.MX_FATFS_Init
                0x08006fcc       0x24 ./FATFS/App/fatfs.o
                0x08006fcc                MX_FATFS_Init
 .text.get_fattime
                0x08006ff0       0x10 ./FATFS/App/fatfs.o
                0x08006ff0                get_fattime
 .text.USER_initialize
                0x08007000       0x1e ./FATFS/Target/user_diskio.o
                0x08007000                USER_initialize
 .text.USER_status
                0x0800701e       0x1e ./FATFS/Target/user_diskio.o
                0x0800701e                USER_status
 .text.USER_read
                0x0800703c       0x28 ./FATFS/Target/user_diskio.o
                0x0800703c                USER_read
 .text.USER_write
                0x08007064       0x28 ./FATFS/Target/user_diskio.o
                0x08007064                USER_write
 .text.USER_ioctl
                0x0800708c       0x28 ./FATFS/Target/user_diskio.o
                0x0800708c                USER_ioctl
 .text.disk_status
                0x080070b4       0x34 ./Middlewares/Third_Party/FatFs/src/diskio.o
                0x080070b4                disk_status
 .text.disk_initialize
                0x080070e8       0x50 ./Middlewares/Third_Party/FatFs/src/diskio.o
                0x080070e8                disk_initialize
 .text.disk_read
                0x08007138       0x40 ./Middlewares/Third_Party/FatFs/src/diskio.o
                0x08007138                disk_read
 .text.disk_write
                0x08007178       0x40 ./Middlewares/Third_Party/FatFs/src/diskio.o
                0x08007178                disk_write
 .text.disk_ioctl
                0x080071b8       0x3c ./Middlewares/Third_Party/FatFs/src/diskio.o
                0x080071b8                disk_ioctl
 .text.ld_word  0x080071f4       0x30 ./Middlewares/Third_Party/FatFs/src/ff.o
 .text.ld_dword
                0x08007224       0x46 ./Middlewares/Third_Party/FatFs/src/ff.o
 .text.st_word  0x0800726a       0x36 ./Middlewares/Third_Party/FatFs/src/ff.o
 .text.st_dword
                0x080072a0       0x58 ./Middlewares/Third_Party/FatFs/src/ff.o
 .text.mem_cpy  0x080072f8       0x42 ./Middlewares/Third_Party/FatFs/src/ff.o
 .text.mem_set  0x0800733a       0x36 ./Middlewares/Third_Party/FatFs/src/ff.o
 .text.mem_cmp  0x08007370       0x4e ./Middlewares/Third_Party/FatFs/src/ff.o
 .text.chk_chr  0x080073be       0x36 ./Middlewares/Third_Party/FatFs/src/ff.o
 .text.chk_lock
                0x080073f4       0xb8 ./Middlewares/Third_Party/FatFs/src/ff.o
 .text.enq_lock
                0x080074ac       0x44 ./Middlewares/Third_Party/FatFs/src/ff.o
 .text.inc_lock
                0x080074f0      0x11c ./Middlewares/Third_Party/FatFs/src/ff.o
 .text.clear_lock
                0x0800760c       0x48 ./Middlewares/Third_Party/FatFs/src/ff.o
 .text.sync_window
                0x08007654       0x88 ./Middlewares/Third_Party/FatFs/src/ff.o
 .text.move_window
                0x080076dc       0x5a ./Middlewares/Third_Party/FatFs/src/ff.o
 .text.clust2sect
                0x08007736       0x3e ./Middlewares/Third_Party/FatFs/src/ff.o
 .text.get_fat  0x08007774      0x1a6 ./Middlewares/Third_Party/FatFs/src/ff.o
 .text.put_fat  0x0800791a      0x234 ./Middlewares/Third_Party/FatFs/src/ff.o
 .text.remove_chain
                0x08007b4e       0xca ./Middlewares/Third_Party/FatFs/src/ff.o
 .text.create_chain
                0x08007c18      0x130 ./Middlewares/Third_Party/FatFs/src/ff.o
 .text.clmt_clust
                0x08007d48       0x70 ./Middlewares/Third_Party/FatFs/src/ff.o
 .text.dir_sdi  0x08007db8      0x112 ./Middlewares/Third_Party/FatFs/src/ff.o
 .text.dir_next
                0x08007eca      0x1ac ./Middlewares/Third_Party/FatFs/src/ff.o
 .text.dir_alloc
                0x08008076       0x8e ./Middlewares/Third_Party/FatFs/src/ff.o
 .text.ld_clust
                0x08008104       0x3e ./Middlewares/Third_Party/FatFs/src/ff.o
 .text.st_clust
                0x08008142       0x40 ./Middlewares/Third_Party/FatFs/src/ff.o
 *fill*         0x08008182        0x2 
 .text.cmp_lfn  0x08008184       0xe0 ./Middlewares/Third_Party/FatFs/src/ff.o
 .text.put_lfn  0x08008264       0xd0 ./Middlewares/Third_Party/FatFs/src/ff.o
 .text.gen_numname
                0x08008334      0x11c ./Middlewares/Third_Party/FatFs/src/ff.o
 .text.sum_sfn  0x08008450       0x42 ./Middlewares/Third_Party/FatFs/src/ff.o
 .text.dir_find
                0x08008492      0x180 ./Middlewares/Third_Party/FatFs/src/ff.o
 *fill*         0x08008612        0x2 
 .text.dir_register
                0x08008614      0x1f0 ./Middlewares/Third_Party/FatFs/src/ff.o
 .text.create_name
                0x08008804      0x370 ./Middlewares/Third_Party/FatFs/src/ff.o
 .text.follow_path
                0x08008b74       0xec ./Middlewares/Third_Party/FatFs/src/ff.o
 .text.get_ldnumber
                0x08008c60       0x88 ./Middlewares/Third_Party/FatFs/src/ff.o
 .text.check_fs
                0x08008ce8       0xac ./Middlewares/Third_Party/FatFs/src/ff.o
 .text.find_volume
                0x08008d94      0x50c ./Middlewares/Third_Party/FatFs/src/ff.o
 .text.validate
                0x080092a0       0x6a ./Middlewares/Third_Party/FatFs/src/ff.o
 *fill*         0x0800930a        0x2 
 .text.f_mount  0x0800930c       0x8c ./Middlewares/Third_Party/FatFs/src/ff.o
                0x0800930c                f_mount
 .text.f_open   0x08009398      0x390 ./Middlewares/Third_Party/FatFs/src/ff.o
                0x08009398                f_open
 .text.f_write  0x08009728      0x328 ./Middlewares/Third_Party/FatFs/src/ff.o
                0x08009728                f_write
 .text.FATFS_LinkDriverEx
                0x08009a50       0x98 ./Middlewares/Third_Party/FatFs/src/ff_gen_drv.o
                0x08009a50                FATFS_LinkDriverEx
 .text.FATFS_LinkDriver
                0x08009ae8       0x1e ./Middlewares/Third_Party/FatFs/src/ff_gen_drv.o
                0x08009ae8                FATFS_LinkDriver
 *fill*         0x08009b06        0x2 
 .text.ff_convert
                0x08009b08       0x78 ./Middlewares/Third_Party/FatFs/src/option/ccsbcs.o
                0x08009b08                ff_convert
 .text.ff_wtoupper
                0x08009b80      0x114 ./Middlewares/Third_Party/FatFs/src/option/ccsbcs.o
                0x08009b80                ff_wtoupper
 .text.memset   0x08009c94       0x10 /opt/stm32cubeide/plugins/com.st.stm32cube.ide.mcu.externaltools.gnu-tools-for-stm32.12.3.rel1.linux64_1.0.200.202406132123/tools/bin/../lib/gcc/arm-none-eabi/12.3.1/../../../../arm-none-eabi/lib/thumb/v7e-m+fp/hard/libc_nano.a(libc_a-memset.o)
                0x08009c94                memset
 .text.__libc_init_array
                0x08009ca4       0x48 /opt/stm32cubeide/plugins/com.st.stm32cube.ide.mcu.externaltools.gnu-tools-for-stm32.12.3.rel1.linux64_1.0.200.202406132123/tools/bin/../lib/gcc/arm-none-eabi/12.3.1/../../../../arm-none-eabi/lib/thumb/v7e-m+fp/hard/libc_nano.a(libc_a-init.o)
                0x08009ca4                __libc_init_array
 .text.memcpy   0x08009cec       0x1c /opt/stm32cubeide/plugins/com.st.stm32cube.ide.mcu.externaltools.gnu-tools-for-stm32.12.3.rel1.linux64_1.0.200.202406132123/tools/bin/../lib/gcc/arm-none-eabi/12.3.1/../../../../arm-none-eabi/lib/thumb/v7e-m+fp/hard/libc_nano.a(libc_a-memcpy-stub.o)
                0x08009cec                memcpy
 *(.glue_7)
 .glue_7        0x08009d08        0x0 linker stubs
 *(.glue_7t)
 .glue_7t       0x08009d08        0x0 linker stubs
 *(.eh_frame)
 .eh_frame      0x08009d08        0x0 /opt/stm32cubeide/plugins/com.st.stm32cube.ide.mcu.externaltools.gnu-tools-for-stm32.12.3.rel1.linux64_1.0.200.202406132123/tools/bin/../lib/gcc/arm-none-eabi/12.3.1/thumb/v7e-m+fp/hard/crtbegin.o
 *(.init)
 .init          0x08009d08        0x4 /opt/stm32cubeide/plugins/com.st.stm32cube.ide.mcu.externaltools.gnu-tools-for-stm32.12.3.rel1.linux64_1.0.200.202406132123/tools/bin/../lib/gcc/arm-none-eabi/12.3.1/thumb/v7e-m+fp/hard/crti.o
                0x08009d08                _init
 .init          0x08009d0c        0x8 /opt/stm32cubeide/plugins/com.st.stm32cube.ide.mcu.externaltools.gnu-tools-for-stm32.12.3.rel1.linux64_1.0.200.202406132123/tools/bin/../lib/gcc/arm-none-eabi/12.3.1/thumb/v7e-m+fp/hard/crtn.o
 *(.fini)
 .fini          0x08009d14        0x4 /opt/stm32cubeide/plugins/com.st.stm32cube.ide.mcu.externaltools.gnu-tools-for-stm32.12.3.rel1.linux64_1.0.200.202406132123/tools/bin/../lib/gcc/arm-none-eabi/12.3.1/thumb/v7e-m+fp/hard/crti.o
                0x08009d14                _fini
 .fini          0x08009d18        0x8 /opt/stm32cubeide/plugins/com.st.stm32cube.ide.mcu.externaltools.gnu-tools-for-stm32.12.3.rel1.linux64_1.0.200.202406132123/tools/bin/../lib/gcc/arm-none-eabi/12.3.1/thumb/v7e-m+fp/hard/crtn.o
                0x08009d20                        . = ALIGN (0x4)
                0x08009d20                        _etext = .

.vfp11_veneer   0x08009d20        0x0
 .vfp11_veneer  0x08009d20        0x0 linker stubs

.v4_bx          0x08009d20        0x0
 .v4_bx         0x08009d20        0x0 linker stubs

.iplt           0x08009d20        0x0
 .iplt          0x08009d20        0x0 /opt/stm32cubeide/plugins/com.st.stm32cube.ide.mcu.externaltools.gnu-tools-for-stm32.12.3.rel1.linux64_1.0.200.202406132123/tools/bin/../lib/gcc/arm-none-eabi/12.3.1/thumb/v7e-m+fp/hard/crtbegin.o

.rodata         0x08009d20      0x964
                0x08009d20                        . = ALIGN (0x4)
 *(.rodata)
 .rodata        0x08009d20        0xa ./Core/Src/main.o
 *fill*         0x08009d2a        0x2 
 .rodata        0x08009d2c       0x48 ./Middlewares/Third_Party/FatFs/src/ff.o
 *(.rodata*)
 .rodata.OV5640_Common.17
                0x08009d74      0x3d8 ./Core/Src/ov5640.o
 .rodata.OV5640_PF_YUV422.16
                0x0800a14c        0x8 ./Core/Src/ov5640.o
 .rodata.OV5640_PF_RGB888.15
                0x0800a154        0x8 ./Core/Src/ov5640.o
 .rodata.OV5640_PF_Y8.14
                0x0800a15c        0x8 ./Core/Src/ov5640.o
 .rodata.OV5640_PF_JPEG.13
                0x0800a164        0x8 ./Core/Src/ov5640.o
 .rodata.OV5640_PF_RGB565.12
                0x0800a16c        0x8 ./Core/Src/ov5640.o
 .rodata.OV5640_QQVGA.11
                0x0800a174       0x10 ./Core/Src/ov5640.o
 .rodata.OV5640_QVGA.10
                0x0800a184       0x10 ./Core/Src/ov5640.o
 .rodata.OV5640_480x272.9
                0x0800a194       0x10 ./Core/Src/ov5640.o
 .rodata.OV5640_VGA.8
                0x0800a1a4       0x10 ./Core/Src/ov5640.o
 .rodata.OV5640_WVGA.7
                0x0800a1b4       0x10 ./Core/Src/ov5640.o
 .rodata.regs.1
                0x0800a1c4       0x28 ./Core/Src/ov5640.o
 .rodata.regs.0
                0x0800a1ec       0x38 ./Core/Src/ov5640.o
 .rodata.AHBPrescTable
                0x0800a224       0x10 ./Core/Src/system_stm32f4xx.o
                0x0800a224                AHBPrescTable
 .rodata.APBPrescTable
                0x0800a234        0x8 ./Core/Src/system_stm32f4xx.o
                0x0800a234                APBPrescTable
 .rodata.flagBitshiftOffset.0
                0x0800a23c        0x8 ./Drivers/STM32F4xx_HAL_Driver/Src/stm32f4xx_hal_dma.o
 .rodata.ExCvt  0x0800a244       0x80 ./Middlewares/Third_Party/FatFs/src/ff.o
 .rodata.LfnOfs
                0x0800a2c4        0xd ./Middlewares/Third_Party/FatFs/src/ff.o
 *fill*         0x0800a2d1        0x3 
 .rodata.Tbl    0x0800a2d4      0x100 ./Middlewares/Third_Party/FatFs/src/option/ccsbcs.o
 .rodata.cvt1.1
                0x0800a3d4      0x1f2 ./Middlewares/Third_Party/FatFs/src/option/ccsbcs.o
 *fill*         0x0800a5c6        0x2 
 .rodata.cvt2.0
                0x0800a5c8       0xbc ./Middlewares/Third_Party/FatFs/src/option/ccsbcs.o
                0x0800a684                        . = ALIGN (0x4)

.ARM.extab      0x0800a684        0x0
                0x0800a684                        . = ALIGN (0x4)
 *(.ARM.extab* .gnu.linkonce.armextab.*)
                0x0800a684                        . = ALIGN (0x4)

.ARM            0x0800a684        0x8
                0x0800a684                        . = ALIGN (0x4)
                0x0800a684                        __exidx_start = .
 *(.ARM.exidx*)
 .ARM.exidx     0x0800a684        0x8 /opt/stm32cubeide/plugins/com.st.stm32cube.ide.mcu.externaltools.gnu-tools-for-stm32.12.3.rel1.linux64_1.0.200.202406132123/tools/bin/../lib/gcc/arm-none-eabi/12.3.1/thumb/v7e-m+fp/hard/libgcc.a(_udivmoddi4.o)
                0x0800a68c                        __exidx_end = .
                0x0800a68c                        . = ALIGN (0x4)

.preinit_array  0x0800a68c        0x0
                0x0800a68c                        . = ALIGN (0x4)
                0x0800a68c                        PROVIDE (__preinit_array_start = .)
 *(.preinit_array*)
                0x0800a68c                        PROVIDE (__preinit_array_end = .)
                0x0800a68c                        . = ALIGN (0x4)

.init_array     0x0800a68c        0x4
                0x0800a68c                        . = ALIGN (0x4)
                0x0800a68c                        PROVIDE (__init_array_start = .)
 *(SORT_BY_NAME(.init_array.*))
 *(.init_array*)
 .init_array    0x0800a68c        0x4 /opt/stm32cubeide/plugins/com.st.stm32cube.ide.mcu.externaltools.gnu-tools-for-stm32.12.3.rel1.linux64_1.0.200.202406132123/tools/bin/../lib/gcc/arm-none-eabi/12.3.1/thumb/v7e-m+fp/hard/crtbegin.o
                0x0800a690                        PROVIDE (__init_array_end = .)
                0x0800a690                        . = ALIGN (0x4)

.fini_array     0x0800a690        0x4
                0x0800a690                        . = ALIGN (0x4)
                [!provide]                        PROVIDE (__fini_array_start = .)
 *(SORT_BY_NAME(.fini_array.*))
 *(.fini_array*)
 .fini_array    0x0800a690        0x4 /opt/stm32cubeide/plugins/com.st.stm32cube.ide.mcu.externaltools.gnu-tools-for-stm32.12.3.rel1.linux64_1.0.200.202406132123/tools/bin/../lib/gcc/arm-none-eabi/12.3.1/thumb/v7e-m+fp/hard/crtbegin.o
                [!provide]                        PROVIDE (__fini_array_end = .)
                0x0800a694                        . = ALIGN (0x4)
                0x0800a694                        _sidata = LOADADDR (.data)

.rel.dyn        0x0800a694        0x0
 .rel.iplt      0x0800a694        0x0 /opt/stm32cubeide/plugins/com.st.stm32cube.ide.mcu.externaltools.gnu-tools-for-stm32.12.3.rel1.linux64_1.0.200.202406132123/tools/bin/../lib/gcc/arm-none-eabi/12.3.1/thumb/v7e-m+fp/hard/crtbegin.o

.data           0x20000000       0x24 load address 0x0800a694
                0x20000000                        . = ALIGN (0x4)
                0x20000000                        _sdata = .
 *(.data)
 *(.data*)
 .data.Stat     0x20000000        0x1 ./Core/Src/fatfs_sd.o
 *fill*         0x20000001        0x3 
 .data.SystemCoreClock
                0x20000004        0x4 ./Core/Src/system_stm32f4xx.o
                0x20000004                SystemCoreClock
 .data.uwTickPrio
                0x20000008        0x4 ./Drivers/STM32F4xx_HAL_Driver/Src/stm32f4xx_hal.o
                0x20000008                uwTickPrio
 .data.uwTickFreq
                0x2000000c        0x1 ./Drivers/STM32F4xx_HAL_Driver/Src/stm32f4xx_hal.o
                0x2000000c                uwTickFreq
 *fill*         0x2000000d        0x3 
 .data.USER_Driver
                0x20000010       0x14 ./FATFS/Target/user_diskio.o
                0x20000010                USER_Driver
 *(.RamFunc)
 *(.RamFunc*)
                0x20000024                        . = ALIGN (0x4)
                0x20000024                        _edata = .
                0x0800a6b8                        _siccmram = LOADADDR (.ccmram)

.igot.plt       0x20000024        0x0 load address 0x0800a6b8
 .igot.plt      0x20000024        0x0 /opt/stm32cubeide/plugins/com.st.stm32cube.ide.mcu.externaltools.gnu-tools-for-stm32.12.3.rel1.linux64_1.0.200.202406132123/tools/bin/../lib/gcc/arm-none-eabi/12.3.1/thumb/v7e-m+fp/hard/crtbegin.o

.ccmram         0x10000000        0x0 load address 0x0800a6b8
                0x10000000                        . = ALIGN (0x4)
                0x10000000                        _sccmram = .
 *(.ccmram)
 *(.ccmram*)
                0x10000000                        . = ALIGN (0x4)
                0x10000000                        _eccmram = .
                0x10000000                        . = ALIGN (0x4)

.bss            0x20000024    0x1c18c
                0x20000024                        _sbss = .
                0x20000024                        __bss_start__ = _sbss
 *(.bss)
 .bss           0x20000024       0x1c /opt/stm32cubeide/plugins/com.st.stm32cube.ide.mcu.externaltools.gnu-tools-for-stm32.12.3.rel1.linux64_1.0.200.202406132123/tools/bin/../lib/gcc/arm-none-eabi/12.3.1/thumb/v7e-m+fp/hard/crtbegin.o
 *(.bss*)
 .bss.Timer1    0x20000040        0x2 ./Core/Src/fatfs_sd.o
                0x20000040                Timer1
 .bss.Timer2    0x20000042        0x2 ./Core/Src/fatfs_sd.o
                0x20000042                Timer2
 .bss.CardType  0x20000044        0x1 ./Core/Src/fatfs_sd.o
 .bss.PowerFlag
                0x20000045        0x1 ./Core/Src/fatfs_sd.o
 *fill*         0x20000046        0x2 
 .bss.hdcmi     0x20000048       0x40 ./Core/Src/main.o
                0x20000048                hdcmi
 .bss.hdma_dcmi
                0x20000088       0x60 ./Core/Src/main.o
                0x20000088                hdma_dcmi
 .bss.hi2c2     0x200000e8       0x54 ./Core/Src/main.o
                0x200000e8                hi2c2
 .bss.hsd       0x2000013c       0x84 ./Core/Src/main.o
                0x2000013c                hsd
 .bss.hspi1     0x200001c0       0x58 ./Core/Src/main.o
                0x200001c0                hspi1
 .bss.hsram1    0x20000218       0x50 ./Core/Src/main.o
                0x20000218                hsram1
 .bss.myCamera  0x20000268       0x2c ./Core/Src/main.o
                0x20000268                myCamera
 .bss.buffer    0x20000294     0xd649 ./Core/Src/main.o
                0x20000294                buffer
 *fill*         0x2000d8dd        0x3 
 .bss.frame_buffer
                0x2000d8e0     0xd649 ./Core/Src/main.o
                0x2000d8e0                frame_buffer
 *fill*         0x2001af29        0x3 
 .bss.read_index
                0x2001af2c        0x4 ./Core/Src/main.o
                0x2001af2c                read_index
 .bss.frame_captured
                0x2001af30        0x1 ./Core/Src/main.o
                0x2001af30                frame_captured
 *fill*         0x2001af31        0x3 
 .bss.FSMC_Initialized
                0x2001af34        0x4 ./Core/Src/stm32f4xx_hal_msp.o
 .bss.uwTick    0x2001af38        0x4 ./Drivers/STM32F4xx_HAL_Driver/Src/stm32f4xx_hal.o
                0x2001af38                uwTick
 .bss.retUSER   0x2001af3c        0x1 ./FATFS/App/fatfs.o
                0x2001af3c                retUSER
 *fill*         0x2001af3d        0x3 
 .bss.USERPath  0x2001af40        0x4 ./FATFS/App/fatfs.o
                0x2001af40                USERPath
 .bss.USERFatFS
                0x2001af44     0x1038 ./FATFS/App/fatfs.o
                0x2001af44                USERFatFS
 .bss.FatFs     0x2001bf7c        0x4 ./Middlewares/Third_Party/FatFs/src/ff.o
 .bss.Fsid      0x2001bf80        0x2 ./Middlewares/Third_Party/FatFs/src/ff.o
 *fill*         0x2001bf82        0x2 
 .bss.Files     0x2001bf84       0x20 ./Middlewares/Third_Party/FatFs/src/ff.o
 .bss.LfnBuf    0x2001bfa4      0x200 ./Middlewares/Third_Party/FatFs/src/ff.o
 .bss.disk      0x2001c1a4        0xc ./Middlewares/Third_Party/FatFs/src/ff_gen_drv.o
                0x2001c1a4                disk
 *(COMMON)
                0x2001c1b0                        . = ALIGN (0x4)
                0x2001c1b0                        _ebss = .
                0x2001c1b0                        __bss_end__ = _ebss

._user_heap_stack
                0x2001c1b0      0x600
                0x2001c1b0                        . = ALIGN (0x8)
                [!provide]                        PROVIDE (end = .)
                0x2001c1b0                        PROVIDE (_end = .)
                0x2001c3b0                        . = (. + _Min_Heap_Size)
 *fill*         0x2001c1b0      0x200 
                0x2001c7b0                        . = (. + _Min_Stack_Size)
 *fill*         0x2001c3b0      0x400 
                0x2001c7b0                        . = ALIGN (0x8)

/DISCARD/
 libc.a(*)
 libm.a(*)
 libgcc.a(*)

.ARM.attributes
                0x00000000       0x30
 *(.ARM.attributes)
 .ARM.attributes
                0x00000000       0x22 /opt/stm32cubeide/plugins/com.st.stm32cube.ide.mcu.externaltools.gnu-tools-for-stm32.12.3.rel1.linux64_1.0.200.202406132123/tools/bin/../lib/gcc/arm-none-eabi/12.3.1/thumb/v7e-m+fp/hard/crti.o
 .ARM.attributes
                0x00000022       0x34 /opt/stm32cubeide/plugins/com.st.stm32cube.ide.mcu.externaltools.gnu-tools-for-stm32.12.3.rel1.linux64_1.0.200.202406132123/tools/bin/../lib/gcc/arm-none-eabi/12.3.1/thumb/v7e-m+fp/hard/crtbegin.o
 .ARM.attributes
                0x00000056       0x34 ./Core/Src/fatfs_sd.o
 .ARM.attributes
                0x0000008a       0x34 ./Core/Src/main.o
 .ARM.attributes
                0x000000be       0x34 ./Core/Src/ov5640.o
 .ARM.attributes
                0x000000f2       0x34 ./Core/Src/ov5640_reg.o
 .ARM.attributes
                0x00000126       0x34 ./Core/Src/stm32f4xx_hal_msp.o
 .ARM.attributes
                0x0000015a       0x34 ./Core/Src/stm32f4xx_it.o
 .ARM.attributes
                0x0000018e       0x34 ./Core/Src/system_stm32f4xx.o
 .ARM.attributes
                0x000001c2       0x21 ./Core/Startup/startup_stm32f407vgtx.o
 .ARM.attributes
                0x000001e3       0x34 ./Drivers/STM32F4xx_HAL_Driver/Src/stm32f4xx_hal.o
 .ARM.attributes
                0x00000217       0x34 ./Drivers/STM32F4xx_HAL_Driver/Src/stm32f4xx_hal_cortex.o
 .ARM.attributes
                0x0000024b       0x34 ./Drivers/STM32F4xx_HAL_Driver/Src/stm32f4xx_hal_dcmi.o
 .ARM.attributes
                0x0000027f       0x34 ./Drivers/STM32F4xx_HAL_Driver/Src/stm32f4xx_hal_dcmi_ex.o
 .ARM.attributes
                0x000002b3       0x34 ./Drivers/STM32F4xx_HAL_Driver/Src/stm32f4xx_hal_dma.o
 .ARM.attributes
                0x000002e7       0x34 ./Drivers/STM32F4xx_HAL_Driver/Src/stm32f4xx_hal_dma_ex.o
 .ARM.attributes
                0x0000031b       0x34 ./Drivers/STM32F4xx_HAL_Driver/Src/stm32f4xx_hal_gpio.o
 .ARM.attributes
                0x0000034f       0x34 ./Drivers/STM32F4xx_HAL_Driver/Src/stm32f4xx_hal_i2c.o
 .ARM.attributes
                0x00000383       0x34 ./Drivers/STM32F4xx_HAL_Driver/Src/stm32f4xx_hal_rcc.o
 .ARM.attributes
                0x000003b7       0x34 ./Drivers/STM32F4xx_HAL_Driver/Src/stm32f4xx_hal_sd.o
 .ARM.attributes
                0x000003eb       0x34 ./Drivers/STM32F4xx_HAL_Driver/Src/stm32f4xx_hal_spi.o
 .ARM.attributes
                0x0000041f       0x34 ./Drivers/STM32F4xx_HAL_Driver/Src/stm32f4xx_hal_sram.o
 .ARM.attributes
                0x00000453       0x34 ./Drivers/STM32F4xx_HAL_Driver/Src/stm32f4xx_ll_fsmc.o
 .ARM.attributes
                0x00000487       0x34 ./Drivers/STM32F4xx_HAL_Driver/Src/stm32f4xx_ll_sdmmc.o
 .ARM.attributes
                0x000004bb       0x34 ./FATFS/App/fatfs.o
 .ARM.attributes
                0x000004ef       0x34 ./FATFS/Target/user_diskio.o
 .ARM.attributes
                0x00000523       0x34 ./Middlewares/Third_Party/FatFs/src/diskio.o
 .ARM.attributes
                0x00000557       0x34 ./Middlewares/Third_Party/FatFs/src/ff.o
 .ARM.attributes
                0x0000058b       0x34 ./Middlewares/Third_Party/FatFs/src/ff_gen_drv.o
 .ARM.attributes
                0x000005bf       0x34 ./Middlewares/Third_Party/FatFs/src/option/ccsbcs.o
 .ARM.attributes
                0x000005f3       0x34 /opt/stm32cubeide/plugins/com.st.stm32cube.ide.mcu.externaltools.gnu-tools-for-stm32.12.3.rel1.linux64_1.0.200.202406132123/tools/bin/../lib/gcc/arm-none-eabi/12.3.1/../../../../arm-none-eabi/lib/thumb/v7e-m+fp/hard/libc_nano.a(libc_a-memset.o)
 .ARM.attributes
                0x00000627       0x34 /opt/stm32cubeide/plugins/com.st.stm32cube.ide.mcu.externaltools.gnu-tools-for-stm32.12.3.rel1.linux64_1.0.200.202406132123/tools/bin/../lib/gcc/arm-none-eabi/12.3.1/../../../../arm-none-eabi/lib/thumb/v7e-m+fp/hard/libc_nano.a(libc_a-init.o)
 .ARM.attributes
                0x0000065b       0x34 /opt/stm32cubeide/plugins/com.st.stm32cube.ide.mcu.externaltools.gnu-tools-for-stm32.12.3.rel1.linux64_1.0.200.202406132123/tools/bin/../lib/gcc/arm-none-eabi/12.3.1/../../../../arm-none-eabi/lib/thumb/v7e-m+fp/hard/libc_nano.a(libc_a-memcpy-stub.o)
 .ARM.attributes
                0x0000068f       0x22 /opt/stm32cubeide/plugins/com.st.stm32cube.ide.mcu.externaltools.gnu-tools-for-stm32.12.3.rel1.linux64_1.0.200.202406132123/tools/bin/../lib/gcc/arm-none-eabi/12.3.1/thumb/v7e-m+fp/hard/libgcc.a(_aeabi_uldivmod.o)
 .ARM.attributes
                0x000006b1       0x34 /opt/stm32cubeide/plugins/com.st.stm32cube.ide.mcu.externaltools.gnu-tools-for-stm32.12.3.rel1.linux64_1.0.200.202406132123/tools/bin/../lib/gcc/arm-none-eabi/12.3.1/thumb/v7e-m+fp/hard/libgcc.a(_udivmoddi4.o)
 .ARM.attributes
                0x000006e5       0x22 /opt/stm32cubeide/plugins/com.st.stm32cube.ide.mcu.externaltools.gnu-tools-for-stm32.12.3.rel1.linux64_1.0.200.202406132123/tools/bin/../lib/gcc/arm-none-eabi/12.3.1/thumb/v7e-m+fp/hard/libgcc.a(_dvmd_tls.o)
 .ARM.attributes
                0x00000707       0x22 /opt/stm32cubeide/plugins/com.st.stm32cube.ide.mcu.externaltools.gnu-tools-for-stm32.12.3.rel1.linux64_1.0.200.202406132123/tools/bin/../lib/gcc/arm-none-eabi/12.3.1/thumb/v7e-m+fp/hard/crtn.o
OUTPUT(grapes.elf elf32-littlearm)
LOAD linker stubs
LOAD /opt/stm32cubeide/plugins/com.st.stm32cube.ide.mcu.externaltools.gnu-tools-for-stm32.12.3.rel1.linux64_1.0.200.202406132123/tools/bin/../lib/gcc/arm-none-eabi/12.3.1/../../../../arm-none-eabi/lib/thumb/v7e-m+fp/hard/libc.a
LOAD /opt/stm32cubeide/plugins/com.st.stm32cube.ide.mcu.externaltools.gnu-tools-for-stm32.12.3.rel1.linux64_1.0.200.202406132123/tools/bin/../lib/gcc/arm-none-eabi/12.3.1/../../../../arm-none-eabi/lib/thumb/v7e-m+fp/hard/libm.a
LOAD /opt/stm32cubeide/plugins/com.st.stm32cube.ide.mcu.externaltools.gnu-tools-for-stm32.12.3.rel1.linux64_1.0.200.202406132123/tools/bin/../lib/gcc/arm-none-eabi/12.3.1/thumb/v7e-m+fp/hard/libgcc.a

.debug_info     0x00000000    0x162c4
 .debug_info    0x00000000      0xc35 ./Core/Src/fatfs_sd.o
 .debug_info    0x00000c35     0x2336 ./Core/Src/main.o
 .debug_info    0x00002f6b     0x124a ./Core/Src/ov5640.o
 .debug_info    0x000041b5      0x1e0 ./Core/Src/ov5640_reg.o
 .debug_info    0x00004395     0x1946 ./Core/Src/stm32f4xx_hal_msp.o
 .debug_info    0x00005cdb      0x6fb ./Core/Src/stm32f4xx_it.o
 .debug_info    0x000063d6      0x512 ./Core/Src/system_stm32f4xx.o
 .debug_info    0x000068e8       0x30 ./Core/Startup/startup_stm32f407vgtx.o
 .debug_info    0x00006918      0x944 ./Drivers/STM32F4xx_HAL_Driver/Src/stm32f4xx_hal.o
 .debug_info    0x0000725c      0xd57 ./Drivers/STM32F4xx_HAL_Driver/Src/stm32f4xx_hal_cortex.o
 .debug_info    0x00007fb3      0xacb ./Drivers/STM32F4xx_HAL_Driver/Src/stm32f4xx_hal_dcmi.o
 .debug_info    0x00008a7e      0x5b8 ./Drivers/STM32F4xx_HAL_Driver/Src/stm32f4xx_hal_dcmi_ex.o
 .debug_info    0x00009036      0x8e7 ./Drivers/STM32F4xx_HAL_Driver/Src/stm32f4xx_hal_dma.o
 .debug_info    0x0000991d      0x4df ./Drivers/STM32F4xx_HAL_Driver/Src/stm32f4xx_hal_dma_ex.o
 .debug_info    0x00009dfc      0x6c3 ./Drivers/STM32F4xx_HAL_Driver/Src/stm32f4xx_hal_gpio.o
 .debug_info    0x0000a4bf     0x2415 ./Drivers/STM32F4xx_HAL_Driver/Src/stm32f4xx_hal_i2c.o
 .debug_info    0x0000c8d4      0x8b1 ./Drivers/STM32F4xx_HAL_Driver/Src/stm32f4xx_hal_rcc.o
 .debug_info    0x0000d185     0x1c0a ./Drivers/STM32F4xx_HAL_Driver/Src/stm32f4xx_hal_sd.o
 .debug_info    0x0000ed8f     0x15fb ./Drivers/STM32F4xx_HAL_Driver/Src/stm32f4xx_hal_spi.o
 .debug_info    0x0001038a      0xd39 ./Drivers/STM32F4xx_HAL_Driver/Src/stm32f4xx_hal_sram.o
 .debug_info    0x000110c3      0x98a ./Drivers/STM32F4xx_HAL_Driver/Src/stm32f4xx_ll_fsmc.o
 .debug_info    0x00011a4d     0x10c4 ./Drivers/STM32F4xx_HAL_Driver/Src/stm32f4xx_ll_sdmmc.o
 .debug_info    0x00012b11      0x508 ./FATFS/App/fatfs.o
 .debug_info    0x00013019      0x3a5 ./FATFS/Target/user_diskio.o
 .debug_info    0x000133be      0x3df ./Middlewares/Third_Party/FatFs/src/diskio.o
 .debug_info    0x0001379d     0x25ef ./Middlewares/Third_Party/FatFs/src/ff.o
 .debug_info    0x00015d8c      0x37f ./Middlewares/Third_Party/FatFs/src/ff_gen_drv.o
 .debug_info    0x0001610b      0x1b9 ./Middlewares/Third_Party/FatFs/src/option/ccsbcs.o

.debug_abbrev   0x00000000     0x369b
 .debug_abbrev  0x00000000      0x2ee ./Core/Src/fatfs_sd.o
 .debug_abbrev  0x000002ee      0x361 ./Core/Src/main.o
 .debug_abbrev  0x0000064f      0x22b ./Core/Src/ov5640.o
 .debug_abbrev  0x0000087a       0xeb ./Core/Src/ov5640_reg.o
 .debug_abbrev  0x00000965      0x278 ./Core/Src/stm32f4xx_hal_msp.o
 .debug_abbrev  0x00000bdd      0x19f ./Core/Src/stm32f4xx_it.o
 .debug_abbrev  0x00000d7c      0x11a ./Core/Src/system_stm32f4xx.o
 .debug_abbrev  0x00000e96       0x24 ./Core/Startup/startup_stm32f407vgtx.o
 .debug_abbrev  0x00000eba      0x214 ./Drivers/STM32F4xx_HAL_Driver/Src/stm32f4xx_hal.o
 .debug_abbrev  0x000010ce      0x328 ./Drivers/STM32F4xx_HAL_Driver/Src/stm32f4xx_hal_cortex.o
 .debug_abbrev  0x000013f6      0x247 ./Drivers/STM32F4xx_HAL_Driver/Src/stm32f4xx_hal_dcmi.o
 .debug_abbrev  0x0000163d      0x13e ./Drivers/STM32F4xx_HAL_Driver/Src/stm32f4xx_hal_dcmi_ex.o
 .debug_abbrev  0x0000177b      0x264 ./Drivers/STM32F4xx_HAL_Driver/Src/stm32f4xx_hal_dma.o
 .debug_abbrev  0x000019df      0x1a3 ./Drivers/STM32F4xx_HAL_Driver/Src/stm32f4xx_hal_dma_ex.o
 .debug_abbrev  0x00001b82      0x1d4 ./Drivers/STM32F4xx_HAL_Driver/Src/stm32f4xx_hal_gpio.o
 .debug_abbrev  0x00001d56      0x2ad ./Drivers/STM32F4xx_HAL_Driver/Src/stm32f4xx_hal_i2c.o
 .debug_abbrev  0x00002003      0x2b6 ./Drivers/STM32F4xx_HAL_Driver/Src/stm32f4xx_hal_rcc.o
 .debug_abbrev  0x000022b9      0x297 ./Drivers/STM32F4xx_HAL_Driver/Src/stm32f4xx_hal_sd.o
 .debug_abbrev  0x00002550      0x284 ./Drivers/STM32F4xx_HAL_Driver/Src/stm32f4xx_hal_spi.o
 .debug_abbrev  0x000027d4      0x20c ./Drivers/STM32F4xx_HAL_Driver/Src/stm32f4xx_hal_sram.o
 .debug_abbrev  0x000029e0      0x1a3 ./Drivers/STM32F4xx_HAL_Driver/Src/stm32f4xx_ll_fsmc.o
 .debug_abbrev  0x00002b83      0x1d6 ./Drivers/STM32F4xx_HAL_Driver/Src/stm32f4xx_ll_sdmmc.o
 .debug_abbrev  0x00002d59      0x15e ./FATFS/App/fatfs.o
 .debug_abbrev  0x00002eb7      0x15c ./FATFS/Target/user_diskio.o
 .debug_abbrev  0x00003013      0x181 ./Middlewares/Third_Party/FatFs/src/diskio.o
 .debug_abbrev  0x00003194      0x28a ./Middlewares/Third_Party/FatFs/src/ff.o
 .debug_abbrev  0x0000341e      0x19f ./Middlewares/Third_Party/FatFs/src/ff_gen_drv.o
 .debug_abbrev  0x000035bd       0xde ./Middlewares/Third_Party/FatFs/src/option/ccsbcs.o

.debug_aranges  0x00000000     0x1458
 .debug_aranges
                0x00000000       0xa8 ./Core/Src/fatfs_sd.o
 .debug_aranges
                0x000000a8       0x70 ./Core/Src/main.o
 .debug_aranges
                0x00000118      0x110 ./Core/Src/ov5640.o
 .debug_aranges
                0x00000228       0x28 ./Core/Src/ov5640_reg.o
 .debug_aranges
                0x00000250       0x80 ./Core/Src/stm32f4xx_hal_msp.o
 .debug_aranges
                0x000002d0       0x90 ./Core/Src/stm32f4xx_it.o
 .debug_aranges
                0x00000360       0x28 ./Core/Src/system_stm32f4xx.o
 .debug_aranges
                0x00000388       0x28 ./Core/Startup/startup_stm32f407vgtx.o
 .debug_aranges
                0x000003b0       0xf0 ./Drivers/STM32F4xx_HAL_Driver/Src/stm32f4xx_hal.o
 .debug_aranges
                0x000004a0      0x120 ./Drivers/STM32F4xx_HAL_Driver/Src/stm32f4xx_hal_cortex.o
 .debug_aranges
                0x000005c0       0xc0 ./Drivers/STM32F4xx_HAL_Driver/Src/stm32f4xx_hal_dcmi.o
 .debug_aranges
                0x00000680       0x20 ./Drivers/STM32F4xx_HAL_Driver/Src/stm32f4xx_hal_dcmi_ex.o
 .debug_aranges
                0x000006a0       0x90 ./Drivers/STM32F4xx_HAL_Driver/Src/stm32f4xx_hal_dma.o
 .debug_aranges
                0x00000730       0x38 ./Drivers/STM32F4xx_HAL_Driver/Src/stm32f4xx_hal_dma_ex.o
 .debug_aranges
                0x00000768       0x58 ./Drivers/STM32F4xx_HAL_Driver/Src/stm32f4xx_hal_gpio.o
 .debug_aranges
                0x000007c0      0x2a8 ./Drivers/STM32F4xx_HAL_Driver/Src/stm32f4xx_hal_i2c.o
 .debug_aranges
                0x00000a68       0x88 ./Drivers/STM32F4xx_HAL_Driver/Src/stm32f4xx_hal_rcc.o
 .debug_aranges
                0x00000af0      0x168 ./Drivers/STM32F4xx_HAL_Driver/Src/stm32f4xx_hal_sd.o
 .debug_aranges
                0x00000c58      0x1d0 ./Drivers/STM32F4xx_HAL_Driver/Src/stm32f4xx_hal_spi.o
 .debug_aranges
                0x00000e28       0xb8 ./Drivers/STM32F4xx_HAL_Driver/Src/stm32f4xx_hal_sram.o
 .debug_aranges
                0x00000ee0       0xa8 ./Drivers/STM32F4xx_HAL_Driver/Src/stm32f4xx_ll_fsmc.o
 .debug_aranges
                0x00000f88      0x188 ./Drivers/STM32F4xx_HAL_Driver/Src/stm32f4xx_ll_sdmmc.o
 .debug_aranges
                0x00001110       0x28 ./FATFS/App/fatfs.o
 .debug_aranges
                0x00001138       0x40 ./FATFS/Target/user_diskio.o
 .debug_aranges
                0x00001178       0x48 ./Middlewares/Third_Party/FatFs/src/diskio.o
 .debug_aranges
                0x000011c0      0x230 ./Middlewares/Third_Party/FatFs/src/ff.o
 .debug_aranges
                0x000013f0       0x40 ./Middlewares/Third_Party/FatFs/src/ff_gen_drv.o
 .debug_aranges
                0x00001430       0x28 ./Middlewares/Third_Party/FatFs/src/option/ccsbcs.o

.debug_rnglists
                0x00000000      0xfa0
 .debug_rnglists
                0x00000000       0x80 ./Core/Src/fatfs_sd.o
 .debug_rnglists
                0x00000080       0x53 ./Core/Src/main.o
 .debug_rnglists
                0x000000d3       0xdb ./Core/Src/ov5640.o
 .debug_rnglists
                0x000001ae       0x19 ./Core/Src/ov5640_reg.o
 .debug_rnglists
                0x000001c7       0x60 ./Core/Src/stm32f4xx_hal_msp.o
 .debug_rnglists
                0x00000227       0x67 ./Core/Src/stm32f4xx_it.o
 .debug_rnglists
                0x0000028e       0x1a ./Core/Src/system_stm32f4xx.o
 .debug_rnglists
                0x000002a8       0x19 ./Core/Startup/startup_stm32f407vgtx.o
 .debug_rnglists
                0x000002c1       0xaf ./Drivers/STM32F4xx_HAL_Driver/Src/stm32f4xx_hal.o
 .debug_rnglists
                0x00000370       0xd4 ./Drivers/STM32F4xx_HAL_Driver/Src/stm32f4xx_hal_cortex.o
 .debug_rnglists
                0x00000444       0x91 ./Drivers/STM32F4xx_HAL_Driver/Src/stm32f4xx_hal_dcmi.o
 .debug_rnglists
                0x000004d5       0x14 ./Drivers/STM32F4xx_HAL_Driver/Src/stm32f4xx_hal_dcmi_ex.o
 .debug_rnglists
                0x000004e9       0x70 ./Drivers/STM32F4xx_HAL_Driver/Src/stm32f4xx_hal_dma.o
 .debug_rnglists
                0x00000559       0x27 ./Drivers/STM32F4xx_HAL_Driver/Src/stm32f4xx_hal_dma_ex.o
 .debug_rnglists
                0x00000580       0x3f ./Drivers/STM32F4xx_HAL_Driver/Src/stm32f4xx_hal_gpio.o
 .debug_rnglists
                0x000005bf      0x23c ./Drivers/STM32F4xx_HAL_Driver/Src/stm32f4xx_hal_i2c.o
 .debug_rnglists
                0x000007fb       0x66 ./Drivers/STM32F4xx_HAL_Driver/Src/stm32f4xx_hal_rcc.o
 .debug_rnglists
                0x00000861      0x121 ./Drivers/STM32F4xx_HAL_Driver/Src/stm32f4xx_hal_sd.o
 .debug_rnglists
                0x00000982      0x16f ./Drivers/STM32F4xx_HAL_Driver/Src/stm32f4xx_hal_spi.o
 .debug_rnglists
                0x00000af1       0x8d ./Drivers/STM32F4xx_HAL_Driver/Src/stm32f4xx_hal_sram.o
 .debug_rnglists
                0x00000b7e       0x7c ./Drivers/STM32F4xx_HAL_Driver/Src/stm32f4xx_ll_fsmc.o
 .debug_rnglists
                0x00000bfa      0x125 ./Drivers/STM32F4xx_HAL_Driver/Src/stm32f4xx_ll_sdmmc.o
 .debug_rnglists
                0x00000d1f       0x19 ./FATFS/App/fatfs.o
 .debug_rnglists
                0x00000d38       0x2b ./FATFS/Target/user_diskio.o
 .debug_rnglists
                0x00000d63       0x31 ./Middlewares/Third_Party/FatFs/src/diskio.o
 .debug_rnglists
                0x00000d94      0x1c6 ./Middlewares/Third_Party/FatFs/src/ff.o
 .debug_rnglists
                0x00000f5a       0x2c ./Middlewares/Third_Party/FatFs/src/ff_gen_drv.o
 .debug_rnglists
                0x00000f86       0x1a ./Middlewares/Third_Party/FatFs/src/option/ccsbcs.o

.debug_macro    0x00000000    0x259a0
 .debug_macro   0x00000000      0x254 ./Core/Src/fatfs_sd.o
 .debug_macro   0x00000254      0xab4 ./Core/Src/fatfs_sd.o
 .debug_macro   0x00000d08      0x2ad ./Core/Src/fatfs_sd.o
 .debug_macro   0x00000fb5       0x2e ./Core/Src/fatfs_sd.o
 .debug_macro   0x00000fe3       0x2f ./Core/Src/fatfs_sd.o
 .debug_macro   0x00001012       0x22 ./Core/Src/fatfs_sd.o
 .debug_macro   0x00001034       0x8e ./Core/Src/fatfs_sd.o
 .debug_macro   0x000010c2       0x51 ./Core/Src/fatfs_sd.o
 .debug_macro   0x00001113      0x103 ./Core/Src/fatfs_sd.o
 .debug_macro   0x00001216       0x6a ./Core/Src/fatfs_sd.o
 .debug_macro   0x00001280      0x1df ./Core/Src/fatfs_sd.o
 .debug_macro   0x0000145f       0x1c ./Core/Src/fatfs_sd.o
 .debug_macro   0x0000147b       0x22 ./Core/Src/fatfs_sd.o
 .debug_macro   0x0000149d       0xfb ./Core/Src/fatfs_sd.o
 .debug_macro   0x00001598     0x1011 ./Core/Src/fatfs_sd.o
 .debug_macro   0x000025a9      0x11f ./Core/Src/fatfs_sd.o
 .debug_macro   0x000026c8    0x15e97 ./Core/Src/fatfs_sd.o
 .debug_macro   0x0001855f       0x6d ./Core/Src/fatfs_sd.o
 .debug_macro   0x000185cc     0x368c ./Core/Src/fatfs_sd.o
 .debug_macro   0x0001bc58      0x189 ./Core/Src/fatfs_sd.o
 .debug_macro   0x0001bde1       0x5c ./Core/Src/fatfs_sd.o
 .debug_macro   0x0001be3d      0x980 ./Core/Src/fatfs_sd.o
 .debug_macro   0x0001c7bd      0x9e9 ./Core/Src/fatfs_sd.o
 .debug_macro   0x0001d1a6      0x115 ./Core/Src/fatfs_sd.o
 .debug_macro   0x0001d2bb      0x13e ./Core/Src/fatfs_sd.o
 .debug_macro   0x0001d3f9       0xa5 ./Core/Src/fatfs_sd.o
 .debug_macro   0x0001d49e      0x174 ./Core/Src/fatfs_sd.o
 .debug_macro   0x0001d612      0x287 ./Core/Src/fatfs_sd.o
 .debug_macro   0x0001d899       0x5f ./Core/Src/fatfs_sd.o
 .debug_macro   0x0001d8f8      0x236 ./Core/Src/fatfs_sd.o
 .debug_macro   0x0001db2e       0x1f ./Core/Src/fatfs_sd.o
 .debug_macro   0x0001db4d      0x1d2 ./Core/Src/fatfs_sd.o
 .debug_macro   0x0001dd1f      0x12c ./Core/Src/fatfs_sd.o
 .debug_macro   0x0001de4b      0x21e ./Core/Src/fatfs_sd.o
 .debug_macro   0x0001e069       0x2e ./Core/Src/fatfs_sd.o
 .debug_macro   0x0001e097      0x516 ./Core/Src/fatfs_sd.o
 .debug_macro   0x0001e5ad      0x1b5 ./Core/Src/fatfs_sd.o
 .debug_macro   0x0001e762       0xd6 ./Core/Src/fatfs_sd.o
 .debug_macro   0x0001e838      0x127 ./Core/Src/fatfs_sd.o
 .debug_macro   0x0001e95f       0x7e ./Core/Src/fatfs_sd.o
 .debug_macro   0x0001e9dd       0x89 ./Core/Src/fatfs_sd.o
 .debug_macro   0x0001ea66      0x868 ./Core/Src/fatfs_sd.o
 .debug_macro   0x0001f2ce      0x1d5 ./Core/Src/fatfs_sd.o
 .debug_macro   0x0001f4a3      0x225 ./Core/Src/fatfs_sd.o
 .debug_macro   0x0001f6c8      0x12d ./Core/Src/fatfs_sd.o
 .debug_macro   0x0001f7f5       0x16 ./Core/Src/fatfs_sd.o
 .debug_macro   0x0001f80b       0x7c ./Core/Src/fatfs_sd.o
 .debug_macro   0x0001f887       0x9a ./Core/Src/fatfs_sd.o
 .debug_macro   0x0001f921      0x3bc ./Core/Src/main.o
 .debug_macro   0x0001fcdd       0x10 ./Core/Src/main.o
 .debug_macro   0x0001fced       0xeb ./Core/Src/main.o
 .debug_macro   0x0001fdd8       0x2a ./Core/Src/main.o
 .debug_macro   0x0001fe02       0x61 ./Core/Src/main.o
 .debug_macro   0x0001fe63       0x43 ./Core/Src/main.o
 .debug_macro   0x0001fea6       0x34 ./Core/Src/main.o
 .debug_macro   0x0001feda       0x16 ./Core/Src/main.o
 .debug_macro   0x0001fef0       0x35 ./Core/Src/main.o
 .debug_macro   0x0001ff25       0x16 ./Core/Src/main.o
 .debug_macro   0x0001ff3b       0x43 ./Core/Src/main.o
 .debug_macro   0x0001ff7e       0x34 ./Core/Src/main.o
 .debug_macro   0x0001ffb2       0x10 ./Core/Src/main.o
 .debug_macro   0x0001ffc2       0x58 ./Core/Src/main.o
 .debug_macro   0x0002001a       0x8e ./Core/Src/main.o
 .debug_macro   0x000200a8       0x1c ./Core/Src/main.o
 .debug_macro   0x000200c4      0x177 ./Core/Src/main.o
 .debug_macro   0x0002023b      0x369 ./Core/Src/main.o
 .debug_macro   0x000205a4       0x16 ./Core/Src/main.o
 .debug_macro   0x000205ba       0x29 ./Core/Src/main.o
 .debug_macro   0x000205e3       0x12 ./Core/Src/main.o
 .debug_macro   0x000205f5       0xe2 ./Core/Src/main.o
 .debug_macro   0x000206d7       0x8e ./Core/Src/main.o
 .debug_macro   0x00020765       0x46 ./Core/Src/main.o
 .debug_macro   0x000207ab       0x28 ./Core/Src/main.o
 .debug_macro   0x000207d3       0x1c ./Core/Src/main.o
 .debug_macro   0x000207ef      0xfec ./Core/Src/main.o
 .debug_macro   0x000217db      0x167 ./Core/Src/main.o
 .debug_macro   0x00021942       0x9d ./Core/Src/ov5640.o
 .debug_macro   0x000219df       0x85 ./Core/Src/ov5640_reg.o
 .debug_macro   0x00021a64      0x230 ./Core/Src/stm32f4xx_hal_msp.o
 .debug_macro   0x00021c94      0x25e ./Core/Src/stm32f4xx_it.o
 .debug_macro   0x00021ef2      0x221 ./Core/Src/system_stm32f4xx.o
 .debug_macro   0x00022113      0x281 ./Drivers/STM32F4xx_HAL_Driver/Src/stm32f4xx_hal.o
 .debug_macro   0x00022394      0x221 ./Drivers/STM32F4xx_HAL_Driver/Src/stm32f4xx_hal_cortex.o
 .debug_macro   0x000225b5      0x228 ./Drivers/STM32F4xx_HAL_Driver/Src/stm32f4xx_hal_dcmi.o
 .debug_macro   0x000227dd      0x221 ./Drivers/STM32F4xx_HAL_Driver/Src/stm32f4xx_hal_dcmi_ex.o
 .debug_macro   0x000229fe      0x227 ./Drivers/STM32F4xx_HAL_Driver/Src/stm32f4xx_hal_dma.o
 .debug_macro   0x00022c25      0x221 ./Drivers/STM32F4xx_HAL_Driver/Src/stm32f4xx_hal_dma_ex.o
 .debug_macro   0x00022e46      0x227 ./Drivers/STM32F4xx_HAL_Driver/Src/stm32f4xx_hal_gpio.o
 .debug_macro   0x0002306d      0x26f ./Drivers/STM32F4xx_HAL_Driver/Src/stm32f4xx_hal_i2c.o
 .debug_macro   0x000232dc      0x245 ./Drivers/STM32F4xx_HAL_Driver/Src/stm32f4xx_hal_rcc.o
 .debug_macro   0x00023521      0x222 ./Drivers/STM32F4xx_HAL_Driver/Src/stm32f4xx_hal_sd.o
 .debug_macro   0x00023743      0x230 ./Drivers/STM32F4xx_HAL_Driver/Src/stm32f4xx_hal_spi.o
 .debug_macro   0x00023973      0x221 ./Drivers/STM32F4xx_HAL_Driver/Src/stm32f4xx_hal_sram.o
 .debug_macro   0x00023b94      0x25c ./Drivers/STM32F4xx_HAL_Driver/Src/stm32f4xx_ll_fsmc.o
 .debug_macro   0x00023df0      0x222 ./Drivers/STM32F4xx_HAL_Driver/Src/stm32f4xx_ll_sdmmc.o
 .debug_macro   0x00024012      0x355 ./FATFS/App/fatfs.o
 .debug_macro   0x00024367       0xe5 ./FATFS/App/fatfs.o
 .debug_macro   0x0002444c      0x372 ./FATFS/Target/user_diskio.o
 .debug_macro   0x000247be       0x10 ./FATFS/Target/user_diskio.o
 .debug_macro   0x000247ce       0x20 ./FATFS/Target/user_diskio.o
 .debug_macro   0x000247ee       0x56 ./FATFS/Target/user_diskio.o
 .debug_macro   0x00024844      0x342 ./Middlewares/Third_Party/FatFs/src/diskio.o
 .debug_macro   0x00024b86      0x750 ./Middlewares/Third_Party/FatFs/src/ff.o
 .debug_macro   0x000252d6       0x58 ./Middlewares/Third_Party/FatFs/src/ff.o
 .debug_macro   0x0002532e      0x342 ./Middlewares/Third_Party/FatFs/src/ff_gen_drv.o
 .debug_macro   0x00025670      0x330 ./Middlewares/Third_Party/FatFs/src/option/ccsbcs.o

.debug_line     0x00000000    0x1b9f8
 .debug_line    0x00000000      0xe0d ./Core/Src/fatfs_sd.o
 .debug_line    0x00000e0d      0xbd6 ./Core/Src/main.o
 .debug_line    0x000019e3     0x11ba ./Core/Src/ov5640.o
 .debug_line    0x00002b9d      0x3a9 ./Core/Src/ov5640_reg.o
 .debug_line    0x00002f46      0x965 ./Core/Src/stm32f4xx_hal_msp.o
 .debug_line    0x000038ab      0x853 ./Core/Src/stm32f4xx_it.o
 .debug_line    0x000040fe      0x77f ./Core/Src/system_stm32f4xx.o
 .debug_line    0x0000487d       0x7a ./Core/Startup/startup_stm32f407vgtx.o
 .debug_line    0x000048f7      0x9e8 ./Drivers/STM32F4xx_HAL_Driver/Src/stm32f4xx_hal.o
 .debug_line    0x000052df      0xcb0 ./Drivers/STM32F4xx_HAL_Driver/Src/stm32f4xx_hal_cortex.o
 .debug_line    0x00005f8f      0xdf9 ./Drivers/STM32F4xx_HAL_Driver/Src/stm32f4xx_hal_dcmi.o
 .debug_line    0x00006d88      0x79d ./Drivers/STM32F4xx_HAL_Driver/Src/stm32f4xx_hal_dcmi_ex.o
 .debug_line    0x00007525      0xf58 ./Drivers/STM32F4xx_HAL_Driver/Src/stm32f4xx_hal_dma.o
 .debug_line    0x0000847d     0x1375 ./Drivers/STM32F4xx_HAL_Driver/Src/stm32f4xx_hal_dma_ex.o
 .debug_line    0x000097f2      0xb74 ./Drivers/STM32F4xx_HAL_Driver/Src/stm32f4xx_hal_gpio.o
 .debug_line    0x0000a366     0x3b2e ./Drivers/STM32F4xx_HAL_Driver/Src/stm32f4xx_hal_i2c.o
 .debug_line    0x0000de94      0xd5b ./Drivers/STM32F4xx_HAL_Driver/Src/stm32f4xx_hal_rcc.o
 .debug_line    0x0000ebef     0x1f21 ./Drivers/STM32F4xx_HAL_Driver/Src/stm32f4xx_hal_sd.o
 .debug_line    0x00010b10     0x1ce3 ./Drivers/STM32F4xx_HAL_Driver/Src/stm32f4xx_hal_spi.o
 .debug_line    0x000127f3      0xcfd ./Drivers/STM32F4xx_HAL_Driver/Src/stm32f4xx_hal_sram.o
 .debug_line    0x000134f0      0xa06 ./Drivers/STM32F4xx_HAL_Driver/Src/stm32f4xx_ll_fsmc.o
 .debug_line    0x00013ef6      0xf77 ./Drivers/STM32F4xx_HAL_Driver/Src/stm32f4xx_ll_sdmmc.o
 .debug_line    0x00014e6d      0x8d1 ./FATFS/App/fatfs.o
 .debug_line    0x0001573e      0x927 ./FATFS/Target/user_diskio.o
 .debug_line    0x00016065      0x943 ./Middlewares/Third_Party/FatFs/src/diskio.o
 .debug_line    0x000169a8     0x3d52 ./Middlewares/Third_Party/FatFs/src/ff.o
 .debug_line    0x0001a6fa      0x95e ./Middlewares/Third_Party/FatFs/src/ff_gen_drv.o
 .debug_line    0x0001b058      0x9a0 ./Middlewares/Third_Party/FatFs/src/option/ccsbcs.o

.debug_str      0x00000000    0xd506d
 .debug_str     0x00000000    0xc6af7 ./Core/Src/fatfs_sd.o
                              0xc6e46 (size before relaxing)
 .debug_str     0x000c6af7     0x93a6 ./Core/Src/main.o
                              0xd0076 (size before relaxing)
 .debug_str     0x000cfe9d      0x57b ./Core/Src/ov5640.o
                               0x9912 (size before relaxing)
 .debug_str     0x000d0418       0x26 ./Core/Src/ov5640_reg.o
                               0x895a (size before relaxing)
 .debug_str     0x000d043e      0x170 ./Core/Src/stm32f4xx_hal_msp.o
                              0xc793b (size before relaxing)
 .debug_str     0x000d05ae      0x198 ./Core/Src/stm32f4xx_it.o
                              0xc6b30 (size before relaxing)
 .debug_str     0x000d0746       0xdb ./Core/Src/system_stm32f4xx.o
                              0xc6641 (size before relaxing)
 .debug_str     0x000d0821       0x44 ./Core/Startup/startup_stm32f407vgtx.o
                                 0x89 (size before relaxing)
 .debug_str     0x000d0865      0x5fe ./Drivers/STM32F4xx_HAL_Driver/Src/stm32f4xx_hal.o
                              0xc71c5 (size before relaxing)
 .debug_str     0x000d0e63      0x329 ./Drivers/STM32F4xx_HAL_Driver/Src/stm32f4xx_hal_cortex.o
                              0xc6f0f (size before relaxing)
 .debug_str     0x000d118c      0x217 ./Drivers/STM32F4xx_HAL_Driver/Src/stm32f4xx_hal_dcmi.o
                              0xc6c16 (size before relaxing)
 .debug_str     0x000d13a3       0x3c ./Drivers/STM32F4xx_HAL_Driver/Src/stm32f4xx_hal_dcmi_ex.o
                              0xc6937 (size before relaxing)
 .debug_str     0x000d13df      0x2ac ./Drivers/STM32F4xx_HAL_Driver/Src/stm32f4xx_hal_dma.o
                              0xc6a5b (size before relaxing)
 .debug_str     0x000d168b       0x98 ./Drivers/STM32F4xx_HAL_Driver/Src/stm32f4xx_hal_dma_ex.o
                              0xc6815 (size before relaxing)
 .debug_str     0x000d1723      0x121 ./Drivers/STM32F4xx_HAL_Driver/Src/stm32f4xx_hal_gpio.o
                              0xc67bc (size before relaxing)
 .debug_str     0x000d1844      0xb03 ./Drivers/STM32F4xx_HAL_Driver/Src/stm32f4xx_hal_i2c.o
                              0xc765f (size before relaxing)
 .debug_str     0x000d2347      0x201 ./Drivers/STM32F4xx_HAL_Driver/Src/stm32f4xx_hal_rcc.o
                              0xc6a75 (size before relaxing)
 .debug_str     0x000d2548      0x902 ./Drivers/STM32F4xx_HAL_Driver/Src/stm32f4xx_hal_sd.o
                              0xc73ba (size before relaxing)
 .debug_str     0x000d2e4a      0x529 ./Drivers/STM32F4xx_HAL_Driver/Src/stm32f4xx_hal_spi.o
                              0xc6f05 (size before relaxing)
 .debug_str     0x000d3373      0x1ef ./Drivers/STM32F4xx_HAL_Driver/Src/stm32f4xx_hal_sram.o
                              0xc6c3f (size before relaxing)
 .debug_str     0x000d3562      0x5bc ./Drivers/STM32F4xx_HAL_Driver/Src/stm32f4xx_ll_fsmc.o
                              0xc6eac (size before relaxing)
 .debug_str     0x000d3b1e      0x22c ./Drivers/STM32F4xx_HAL_Driver/Src/stm32f4xx_ll_sdmmc.o
                              0xc6ac8 (size before relaxing)
 .debug_str     0x000d3d4a       0x32 ./FATFS/App/fatfs.o
                              0xc9e75 (size before relaxing)
 .debug_str     0x000d3d7c       0xd3 ./FATFS/Target/user_diskio.o
                              0xc9e2b (size before relaxing)
 .debug_str     0x000d3e4f       0x52 ./Middlewares/Third_Party/FatFs/src/diskio.o
                              0xc9d71 (size before relaxing)
 .debug_str     0x000d3ea1     0x10f2 ./Middlewares/Third_Party/FatFs/src/ff.o
                              0xcb078 (size before relaxing)
 .debug_str     0x000d4f93       0x91 ./Middlewares/Third_Party/FatFs/src/ff_gen_drv.o
                              0xc9dc2 (size before relaxing)
 .debug_str     0x000d5024       0x49 ./Middlewares/Third_Party/FatFs/src/option/ccsbcs.o
                              0xc9b46 (size before relaxing)

.comment        0x00000000       0x43
 .comment       0x00000000       0x43 ./Core/Src/fatfs_sd.o
                                 0x44 (size before relaxing)
 .comment       0x00000043       0x44 ./Core/Src/main.o
 .comment       0x00000043       0x44 ./Core/Src/ov5640.o
 .comment       0x00000043       0x44 ./Core/Src/ov5640_reg.o
 .comment       0x00000043       0x44 ./Core/Src/stm32f4xx_hal_msp.o
 .comment       0x00000043       0x44 ./Core/Src/stm32f4xx_it.o
 .comment       0x00000043       0x44 ./Core/Src/system_stm32f4xx.o
 .comment       0x00000043       0x44 ./Drivers/STM32F4xx_HAL_Driver/Src/stm32f4xx_hal.o
 .comment       0x00000043       0x44 ./Drivers/STM32F4xx_HAL_Driver/Src/stm32f4xx_hal_cortex.o
 .comment       0x00000043       0x44 ./Drivers/STM32F4xx_HAL_Driver/Src/stm32f4xx_hal_dcmi.o
 .comment       0x00000043       0x44 ./Drivers/STM32F4xx_HAL_Driver/Src/stm32f4xx_hal_dcmi_ex.o
 .comment       0x00000043       0x44 ./Drivers/STM32F4xx_HAL_Driver/Src/stm32f4xx_hal_dma.o
 .comment       0x00000043       0x44 ./Drivers/STM32F4xx_HAL_Driver/Src/stm32f4xx_hal_dma_ex.o
 .comment       0x00000043       0x44 ./Drivers/STM32F4xx_HAL_Driver/Src/stm32f4xx_hal_gpio.o
 .comment       0x00000043       0x44 ./Drivers/STM32F4xx_HAL_Driver/Src/stm32f4xx_hal_i2c.o
 .comment       0x00000043       0x44 ./Drivers/STM32F4xx_HAL_Driver/Src/stm32f4xx_hal_rcc.o
 .comment       0x00000043       0x44 ./Drivers/STM32F4xx_HAL_Driver/Src/stm32f4xx_hal_sd.o
 .comment       0x00000043       0x44 ./Drivers/STM32F4xx_HAL_Driver/Src/stm32f4xx_hal_spi.o
 .comment       0x00000043       0x44 ./Drivers/STM32F4xx_HAL_Driver/Src/stm32f4xx_hal_sram.o
 .comment       0x00000043       0x44 ./Drivers/STM32F4xx_HAL_Driver/Src/stm32f4xx_ll_fsmc.o
 .comment       0x00000043       0x44 ./Drivers/STM32F4xx_HAL_Driver/Src/stm32f4xx_ll_sdmmc.o
 .comment       0x00000043       0x44 ./FATFS/App/fatfs.o
 .comment       0x00000043       0x44 ./FATFS/Target/user_diskio.o
 .comment       0x00000043       0x44 ./Middlewares/Third_Party/FatFs/src/diskio.o
 .comment       0x00000043       0x44 ./Middlewares/Third_Party/FatFs/src/ff.o
 .comment       0x00000043       0x44 ./Middlewares/Third_Party/FatFs/src/ff_gen_drv.o
 .comment       0x00000043       0x44 ./Middlewares/Third_Party/FatFs/src/option/ccsbcs.o

.debug_frame    0x00000000     0x548c
 .debug_frame   0x00000000      0x28c ./Core/Src/fatfs_sd.o
 .debug_frame   0x0000028c      0x168 ./Core/Src/main.o
 .debug_frame   0x000003f4      0x490 ./Core/Src/ov5640.o
 .debug_frame   0x00000884       0x60 ./Core/Src/ov5640_reg.o
 .debug_frame   0x000008e4      0x1e0 ./Core/Src/stm32f4xx_hal_msp.o
 .debug_frame   0x00000ac4      0x1dc ./Core/Src/stm32f4xx_it.o
 .debug_frame   0x00000ca0       0x58 ./Core/Src/system_stm32f4xx.o
 .debug_frame   0x00000cf8      0x374 ./Drivers/STM32F4xx_HAL_Driver/Src/stm32f4xx_hal.o
 .debug_frame   0x0000106c      0x4b8 ./Drivers/STM32F4xx_HAL_Driver/Src/stm32f4xx_hal_cortex.o
 .debug_frame   0x00001524      0x340 ./Drivers/STM32F4xx_HAL_Driver/Src/stm32f4xx_hal_dcmi.o
 .debug_frame   0x00001864       0x34 ./Drivers/STM32F4xx_HAL_Driver/Src/stm32f4xx_hal_dcmi_ex.o
 .debug_frame   0x00001898      0x250 ./Drivers/STM32F4xx_HAL_Driver/Src/stm32f4xx_hal_dma.o
 .debug_frame   0x00001ae8       0xac ./Drivers/STM32F4xx_HAL_Driver/Src/stm32f4xx_hal_dma_ex.o
 .debug_frame   0x00001b94      0x14c ./Drivers/STM32F4xx_HAL_Driver/Src/stm32f4xx_hal_gpio.o
 .debug_frame   0x00001ce0      0xc84 ./Drivers/STM32F4xx_HAL_Driver/Src/stm32f4xx_hal_i2c.o
 .debug_frame   0x00002964      0x1f4 ./Drivers/STM32F4xx_HAL_Driver/Src/stm32f4xx_hal_rcc.o
 .debug_frame   0x00002b58      0x650 ./Drivers/STM32F4xx_HAL_Driver/Src/stm32f4xx_hal_sd.o
 .debug_frame   0x000031a8      0x828 ./Drivers/STM32F4xx_HAL_Driver/Src/stm32f4xx_hal_spi.o
 .debug_frame   0x000039d0      0x30c ./Drivers/STM32F4xx_HAL_Driver/Src/stm32f4xx_hal_sram.o
 .debug_frame   0x00003cdc      0x2dc ./Drivers/STM32F4xx_HAL_Driver/Src/stm32f4xx_ll_fsmc.o
 .debug_frame   0x00003fb8      0x6d0 ./Drivers/STM32F4xx_HAL_Driver/Src/stm32f4xx_ll_sdmmc.o
 .debug_frame   0x00004688       0x4c ./FATFS/App/fatfs.o
 .debug_frame   0x000046d4       0xc4 ./FATFS/Target/user_diskio.o
 .debug_frame   0x00004798       0xec ./Middlewares/Third_Party/FatFs/src/diskio.o
 .debug_frame   0x00004884      0xa0c ./Middlewares/Third_Party/FatFs/src/ff.o
 .debug_frame   0x00005290       0xc8 ./Middlewares/Third_Party/FatFs/src/ff_gen_drv.o
 .debug_frame   0x00005358       0x60 ./Middlewares/Third_Party/FatFs/src/option/ccsbcs.o
 .debug_frame   0x000053b8       0x20 /opt/stm32cubeide/plugins/com.st.stm32cube.ide.mcu.externaltools.gnu-tools-for-stm32.12.3.rel1.linux64_1.0.200.202406132123/tools/bin/../lib/gcc/arm-none-eabi/12.3.1/../../../../arm-none-eabi/lib/thumb/v7e-m+fp/hard/libc_nano.a(libc_a-memset.o)
 .debug_frame   0x000053d8       0x2c /opt/stm32cubeide/plugins/com.st.stm32cube.ide.mcu.externaltools.gnu-tools-for-stm32.12.3.rel1.linux64_1.0.200.202406132123/tools/bin/../lib/gcc/arm-none-eabi/12.3.1/../../../../arm-none-eabi/lib/thumb/v7e-m+fp/hard/libc_nano.a(libc_a-init.o)
 .debug_frame   0x00005404       0x28 /opt/stm32cubeide/plugins/com.st.stm32cube.ide.mcu.externaltools.gnu-tools-for-stm32.12.3.rel1.linux64_1.0.200.202406132123/tools/bin/../lib/gcc/arm-none-eabi/12.3.1/../../../../arm-none-eabi/lib/thumb/v7e-m+fp/hard/libc_nano.a(libc_a-memcpy-stub.o)
 .debug_frame   0x0000542c       0x2c /opt/stm32cubeide/plugins/com.st.stm32cube.ide.mcu.externaltools.gnu-tools-for-stm32.12.3.rel1.linux64_1.0.200.202406132123/tools/bin/../lib/gcc/arm-none-eabi/12.3.1/thumb/v7e-m+fp/hard/libgcc.a(_aeabi_uldivmod.o)
 .debug_frame   0x00005458       0x34 /opt/stm32cubeide/plugins/com.st.stm32cube.ide.mcu.externaltools.gnu-tools-for-stm32.12.3.rel1.linux64_1.0.200.202406132123/tools/bin/../lib/gcc/arm-none-eabi/12.3.1/thumb/v7e-m+fp/hard/libgcc.a(_udivmoddi4.o)

.debug_line_str
                0x00000000       0x6d
 .debug_line_str
                0x00000000       0x6d ./Core/Startup/startup_stm32f407vgtx.o
