../Core/Src/main.c:100:6:SD_Init	8	static
../Core/Src/main.c:115:5:main	4160	static,ignoring_inline_asm
../Core/Src/main.c:195:6:SystemClock_Config	88	static
../Core/Src/main.c:242:13:MX_DCMI_Init	8	static
../Core/Src/main.c:275:13:MX_I2C2_Init	8	static
../Core/Src/main.c:309:13:MX_SDIO_SD_Init	8	static
../Core/Src/main.c:341:13:MX_SPI1_Init	8	static
../Core/Src/main.c:377:13:MX_DMA_Init	16	static
../Core/Src/main.c:395:13:MX_GPIO_Init	56	static
../Core/Src/main.c:452:13:MX_FSMC_Init	40	static
../Core/Src/main.c:512:6:Error_Handler	4	static,ignoring_inline_asm
