../Core/Src/stm32f4xx_it.c:77:6:NMI_Handler	4	static
../Core/Src/stm32f4xx_it.c:92:6:HardFault_Handler	4	static
../Core/Src/stm32f4xx_it.c:107:6:MemManage_Handler	4	static
../Core/Src/stm32f4xx_it.c:122:6:BusFault_Handler	4	static
../Core/Src/stm32f4xx_it.c:137:6:UsageFault_Handler	4	static
../Core/Src/stm32f4xx_it.c:152:6:SVC_Handler	4	static
../Core/Src/stm32f4xx_it.c:165:6:DebugMon_Handler	4	static
../Core/Src/stm32f4xx_it.c:178:6:PendSV_Handler	4	static
../Core/Src/stm32f4xx_it.c:191:6:SysTick_Handler	8	static
../Core/Src/stm32f4xx_it.c:216:6:DMA2_Stream1_IRQHandler	8	static
../Core/Src/stm32f4xx_it.c:227:6:HAL_DCMI_FrameEventCallback	16	static
../Core/Src/stm32f4xx_it.c:231:6:HAL_DCMI_LineEventCallback	16	static
../Core/Src/stm32f4xx_it.c:235:6:HAL_DCMI_VsyncEventCallback	16	static
../Core/Src/stm32f4xx_it.c:239:6:HAL_DMA_ConvCpltCallback	16	static
../Core/Src/stm32f4xx_it.c:248:6:DCMI_IRQHandler	8	static
