../Core/Src/stm32f4xx_hal_msp.c:65:6:HAL_MspInit	16	static
../Core/Src/stm32f4xx_hal_msp.c:88:6:HAL_DCMI_MspInit	56	static
../Core/Src/stm32f4xx_hal_msp.c:173:6:HAL_DCMI_MspDeInit	16	static
../Core/Src/stm32f4xx_hal_msp.c:221:6:HAL_I2C_MspInit	48	static
../Core/Src/stm32f4xx_hal_msp.c:258:6:HAL_I2C_MspDeInit	16	static
../Core/Src/stm32f4xx_hal_msp.c:285:13:HAL_FSMC_MspInit	32	static
../Core/Src/stm32f4xx_hal_msp.c:343:6:HAL_SRAM_MspInit	16	static
../Core/Src/stm32f4xx_hal_msp.c:355:13:HAL_FSMC_MspDeInit	8	static
../Core/Src/stm32f4xx_hal_msp.c:401:6:HAL_SRAM_MspDeInit	16	static
